Archive member included to satisfy reference by file (symbol)

C:\Users\Michael\Documents\MCUXpressoIDE_11.0.1_2563\workspace\MCUXpresso_GNU_Shield_Code\CMSIS\RTX5\libRTX_CM0.a(irq_cm0.o)
                              ./CMSIS/RTX5/rtx_lib.o (irqRtxLib)
C:\Users\Michael\Documents\MCUXpressoIDE_11.0.1_2563\workspace\MCUXpresso_GNU_Shield_Code\CMSIS\RTX5\libRTX_CM0.a(os_systick.o)
                              ./CMSIS/RTX5/rtx_kernel.o (OS_Tick_Setup)
c:/nxp/mcuxpressoide_11.0.1_2563/ide/plugins/com.nxp.mcuxpresso.tools.win32_11.0.1.201907311258/tools/bin/../lib/gcc/arm-none-eabi/8.2.1/thumb/v6-m/nofp\libgcc.a(_udivsi3.o)
                              ./source/Profiler/profile.o (__aeabi_uidiv)
c:/nxp/mcuxpressoide_11.0.1_2563/ide/plugins/com.nxp.mcuxpresso.tools.win32_11.0.1.201907311258/tools/bin/../lib/gcc/arm-none-eabi/8.2.1/thumb/v6-m/nofp\libgcc.a(_divsi3.o)
                              ./source/LCD/LCD_graphics.o (__aeabi_idiv)
c:/nxp/mcuxpressoide_11.0.1_2563/ide/plugins/com.nxp.mcuxpresso.tools.win32_11.0.1.201907311258/tools/bin/../lib/gcc/arm-none-eabi/8.2.1/thumb/v6-m/nofp\libgcc.a(_dvmd_tls.o)
                              c:/nxp/mcuxpressoide_11.0.1_2563/ide/plugins/com.nxp.mcuxpresso.tools.win32_11.0.1.201907311258/tools/bin/../lib/gcc/arm-none-eabi/8.2.1/thumb/v6-m/nofp\libgcc.a(_udivsi3.o) (__aeabi_idiv0)
c:/nxp/mcuxpressoide_11.0.1_2563/ide/plugins/com.nxp.mcuxpresso.tools.win32_11.0.1.201907311258/tools/bin/../lib/gcc/arm-none-eabi/8.2.1/thumb/v6-m/nofp\libgcc.a(_arm_cmpsf2.o)
                              ./source/MMA8451.o (__aeabi_fcmpeq)
c:/nxp/mcuxpressoide_11.0.1_2563/ide/plugins/com.nxp.mcuxpresso.tools.win32_11.0.1.201907311258/tools/bin/../lib/gcc/arm-none-eabi/8.2.1/thumb/v6-m/nofp\libgcc.a(_clzsi2.o)
                              ./CMSIS/RTX5/rtx_mempool.o (__clzsi2)
c:/nxp/mcuxpressoide_11.0.1_2563/ide/plugins/com.nxp.mcuxpresso.tools.win32_11.0.1.201907311258/tools/bin/../lib/gcc/arm-none-eabi/8.2.1/thumb/v6-m/nofp\libgcc.a(_fixunssfsi.o)
                              ./source/sound.o (__aeabi_f2uiz)
c:/nxp/mcuxpressoide_11.0.1_2563/ide/plugins/com.nxp.mcuxpresso.tools.win32_11.0.1.201907311258/tools/bin/../lib/gcc/arm-none-eabi/8.2.1/thumb/v6-m/nofp\libgcc.a(addsf3.o)
                              ./source/threads.o (__aeabi_fadd)
c:/nxp/mcuxpressoide_11.0.1_2563/ide/plugins/com.nxp.mcuxpresso.tools.win32_11.0.1.201907311258/tools/bin/../lib/gcc/arm-none-eabi/8.2.1/thumb/v6-m/nofp\libgcc.a(divsf3.o)
                              ./source/MMA8451.o (__aeabi_fdiv)
c:/nxp/mcuxpressoide_11.0.1_2563/ide/plugins/com.nxp.mcuxpresso.tools.win32_11.0.1.201907311258/tools/bin/../lib/gcc/arm-none-eabi/8.2.1/thumb/v6-m/nofp\libgcc.a(eqsf2.o)
                              c:/nxp/mcuxpressoide_11.0.1_2563/ide/plugins/com.nxp.mcuxpresso.tools.win32_11.0.1.201907311258/tools/bin/../lib/gcc/arm-none-eabi/8.2.1/thumb/v6-m/nofp\libgcc.a(_arm_cmpsf2.o) (__eqsf2)
c:/nxp/mcuxpressoide_11.0.1_2563/ide/plugins/com.nxp.mcuxpresso.tools.win32_11.0.1.201907311258/tools/bin/../lib/gcc/arm-none-eabi/8.2.1/thumb/v6-m/nofp\libgcc.a(gesf2.o)
                              c:/nxp/mcuxpressoide_11.0.1_2563/ide/plugins/com.nxp.mcuxpresso.tools.win32_11.0.1.201907311258/tools/bin/../lib/gcc/arm-none-eabi/8.2.1/thumb/v6-m/nofp\libgcc.a(_arm_cmpsf2.o) (__gesf2)
c:/nxp/mcuxpressoide_11.0.1_2563/ide/plugins/com.nxp.mcuxpresso.tools.win32_11.0.1.201907311258/tools/bin/../lib/gcc/arm-none-eabi/8.2.1/thumb/v6-m/nofp\libgcc.a(lesf2.o)
                              c:/nxp/mcuxpressoide_11.0.1_2563/ide/plugins/com.nxp.mcuxpresso.tools.win32_11.0.1.201907311258/tools/bin/../lib/gcc/arm-none-eabi/8.2.1/thumb/v6-m/nofp\libgcc.a(_arm_cmpsf2.o) (__lesf2)
c:/nxp/mcuxpressoide_11.0.1_2563/ide/plugins/com.nxp.mcuxpresso.tools.win32_11.0.1.201907311258/tools/bin/../lib/gcc/arm-none-eabi/8.2.1/thumb/v6-m/nofp\libgcc.a(mulsf3.o)
                              ./source/MMA8451.o (__aeabi_fmul)
c:/nxp/mcuxpressoide_11.0.1_2563/ide/plugins/com.nxp.mcuxpresso.tools.win32_11.0.1.201907311258/tools/bin/../lib/gcc/arm-none-eabi/8.2.1/thumb/v6-m/nofp\libgcc.a(subsf3.o)
                              ./source/MMA8451.o (__aeabi_fsub)
c:/nxp/mcuxpressoide_11.0.1_2563/ide/plugins/com.nxp.mcuxpresso.tools.win32_11.0.1.201907311258/tools/bin/../lib/gcc/arm-none-eabi/8.2.1/thumb/v6-m/nofp\libgcc.a(fixsfsi.o)
                              ./source/sound.o (__aeabi_f2iz)
c:/nxp/mcuxpressoide_11.0.1_2563/ide/plugins/com.nxp.mcuxpresso.tools.win32_11.0.1.201907311258/tools/bin/../lib/gcc/arm-none-eabi/8.2.1/thumb/v6-m/nofp\libgcc.a(floatsisf.o)
                              ./source/MMA8451.o (__aeabi_i2f)
c:/nxp/mcuxpressoide_11.0.1_2563/ide/plugins/com.nxp.mcuxpresso.tools.win32_11.0.1.201907311258/tools/bin/../lib/gcc/arm-none-eabi/8.2.1/thumb/v6-m/nofp\libgcc.a(adddf3.o)
                              ./source/MMA8451.o (__aeabi_dadd)
[...]
Memory Configuration

Name             Origin             Length             Attributes
PROGRAM_FLASH    0x00000000         0x00020000         xr
SRAM             0x1ffff000         0x00004000         xrw
*default*        0x00000000         0xffffffff

Linker script and memory map

LOAD ./startup/startup_mkl25z4.o
LOAD ./source/Profiler/profile.o
LOAD ./source/Profiler/region.o
LOAD ./source/LCD/LCD_graphics.o
LOAD ./source/LCD/LCD_text.o
LOAD ./source/LCD/ST7789.o
LOAD ./source/LCD/T6963.o
LOAD ./source/LCD/lucida_12x19.o
LOAD ./source/LCD/lucida_20x31.o
LOAD ./source/LCD/lucida_8x13.o
LOAD ./source/LCD/touchscreen.o
LOAD ./source/DMA.o
LOAD ./source/I2C.o
LOAD ./source/LEDs.o
LOAD ./source/MMA8451.o
LOAD ./source/debug.o
LOAD ./source/delay.o
LOAD ./source/main.o
LOAD ./source/sound.o
LOAD ./source/threads.o
LOAD ./source/timers.o
LOAD ./CMSIS/RTX5/RTX_Config.o
LOAD ./CMSIS/RTX5/rtx_delay.o
LOAD ./CMSIS/RTX5/rtx_evflags.o
LOAD ./CMSIS/RTX5/rtx_evr.o
LOAD ./CMSIS/RTX5/rtx_kernel.o
LOAD ./CMSIS/RTX5/rtx_lib.o
LOAD ./CMSIS/RTX5/rtx_memory.o
LOAD ./CMSIS/RTX5/rtx_mempool.o
LOAD ./CMSIS/RTX5/rtx_msgqueue.o
LOAD ./CMSIS/RTX5/rtx_mutex.o
LOAD ./CMSIS/RTX5/rtx_semaphore.o
LOAD ./CMSIS/RTX5/rtx_system.o
LOAD ./CMSIS/RTX5/rtx_thread.o
LOAD ./CMSIS/RTX5/rtx_timer.o
LOAD ./CMSIS/system_MKL25Z4.o
LOAD C:\Users\Michael\Documents\MCUXpressoIDE_11.0.1_2563\workspace\MCUXpresso_GNU_Shield_Code\CMSIS\RTX5\libRTX_CM0.a
START GROUP
LOAD c:/nxp/mcuxpressoide_11.0.1_2563/ide/plugins/com.nxp.mcuxpresso.tools.win32_11.0.1.201907311258/tools/bin/../lib/gcc/arm-none-eabi/8.2.1/thumb/v6-m/nofp\libgcc.a
LOAD c:/nxp/mcuxpressoide_11.0.1_2563/ide/plugins/com.nxp.mcuxpresso.tools.win32_11.0.1.201907311258/tools/bin/../lib/gcc/arm-none-eabi/8.2.1/../../../../arm-none-eabi/lib/thumb/v6-m/nofp\libc_nano.a
LOAD c:/nxp/mcuxpressoide_11.0.1_2563/ide/plugins/com.nxp.mcuxpresso.tools.win32_11.0.1.201907311258/tools/bin/../lib/gcc/arm-none-eabi/8.2.1/../../../../arm-none-eabi/lib/thumb/v6-m/nofp\libm.a
LOAD c:/nxp/mcuxpressoide_11.0.1_2563/ide/plugins/com.nxp.mcuxpresso.tools.win32_11.0.1.201907311258/tools/bin/../lib/gcc/arm-none-eabi/8.2.1/../../../../arm-none-eabi/lib/thumb/v6-m/nofp\libcr_newlib_nohost.a
END GROUP
                0x00000000                __base_PROGRAM_FLASH = 0x0
                0x00000000                __base_Flash = 0x0
                0x00020000                __top_PROGRAM_FLASH = 0x20000
                0x00020000                __top_Flash = 0x20000
                0x1ffff000                __base_SRAM = 0x1ffff000
                0x1ffff000                __base_RAM = 0x1ffff000
                0x20003000                __top_SRAM = 0x20003000
                0x20003000                __top_RAM = 0x20003000

.text           0x00000000     0xb84c
 FILL mask 0xff
                0x00000000                __vectors_start__ = ABSOLUTE (.)
 *(SORT_BY_ALIGNMENT(.isr_vector))
 .isr_vector    0x00000000       0xc0 ./startup/startup_mkl25z4.o
                0x00000000                g_pfnVectors
                0x00000000                __Vectors
                0x000000c0                . = ALIGN (0x4)
                0x000000c0                __section_table_start = .
                0x000000c0                __data_section_table = .
                0x000000c0        0x4 LONG 0xb854 LOADADDR (.data)
                0x000000c4        0x4 LONG 0x1ffff000 ADDR (.data)
                0x000000c8        0x4 LONG 0x120 SIZEOF (.data)
                0x000000cc                __data_section_table_end = .
                0x000000cc                __bss_section_table = .
                0x000000cc        0x4 LONG 0x1ffff120 ADDR (.bss)
                0x000000d0        0x4 LONG 0x1c88 SIZEOF (.bss)
                0x000000d4                __bss_section_table_end = .
                0x000000d4                __section_table_end = .
 *(SORT_BY_ALIGNMENT(.after_vectors*))
 .after_vectors.reset
                0x000000d4       0x4c ./startup/startup_mkl25z4.o
                0x000000d4                ResetISR
 .after_vectors.init_data
                0x00000120       0x12 ./startup/startup_mkl25z4.o
                0x00000120                data_init
 .after_vectors.init_bss
                0x00000132       0x10 ./startup/startup_mkl25z4.o
                0x00000132                bss_init
 .after_vectors
                0x00000142      0x10c ./startup/startup_mkl25z4.o
                0x00000142                NMI_Handler
                0x00000144                HardFault_Handler
                0x0000014c                DMA0_DriverIRQHandler
                0x0000014c                I2C0_DriverIRQHandler
                0x0000014c                SPI1_DriverIRQHandler
                0x0000014c                LPTMR0_DriverIRQHandler
                0x0000014c                Reserved39_DriverIRQHandler
                0x0000014c                PIT_DriverIRQHandler
                0x0000014c                PORTD_DriverIRQHandler
                0x0000014c                DMA2_DriverIRQHandler
                0x0000014c                CMP0_DriverIRQHandler
                0x0000014c                TPM2_DriverIRQHandler
                0x0000014c                ADC0_DriverIRQHandler
                0x0000014c                TSI0_DriverIRQHandler
                0x0000014c                RTC_Seconds_DriverIRQHandler
                0x0000014c                SPI0_DriverIRQHandler
                0x0000014c                UART0_DriverIRQHandler
                0x0000014c                LLWU_DriverIRQHandler
                0x0000014c                MCG_DriverIRQHandler
                0x0000014c                I2C1_DriverIRQHandler
                0x0000014c                DMA1_DriverIRQHandler
                0x0000014c                UART1_DriverIRQHandler
                0x0000014c                UART2_DriverIRQHandler
                0x0000014c                FTFA_DriverIRQHandler
                0x0000014c                IntDefaultHandler
                0x0000014c                USB0_DriverIRQHandler
                0x0000014c                DAC0_DriverIRQHandler
                0x0000014c                RTC_DriverIRQHandler
                0x0000014c                LVD_LVW_DriverIRQHandler
                0x0000014c                TPM0_DriverIRQHandler
                0x0000014c                TPM1_DriverIRQHandler
                0x0000014c                PORTA_DriverIRQHandler
                0x0000014c                Reserved20_DriverIRQHandler
                0x0000014c                DMA3_DriverIRQHandler
                0x0000014c                Reserved45_DriverIRQHandler
                0x00000156                DMA1_IRQHandler
                0x0000015e                DMA2_IRQHandler
                0x00000166                DMA3_IRQHandler
                0x0000016e                Reserved20_IRQHandler
                0x00000176                FTFA_IRQHandler
                0x0000017e                LVD_LVW_IRQHandler
                0x00000186                LLWU_IRQHandler
                0x0000018e                I2C0_IRQHandler
                0x00000196                I2C1_IRQHandler
                0x0000019e                SPI0_IRQHandler
                0x000001a6                SPI1_IRQHandler
                0x000001ae                UART0_IRQHandler
                0x000001b6                UART1_IRQHandler
                0x000001be                UART2_IRQHandler
                0x000001c6                ADC0_IRQHandler
                0x000001ce                CMP0_IRQHandler
                0x000001de                TPM1_IRQHandler
                0x000001e6                TPM2_IRQHandler
                0x000001ee                RTC_IRQHandler
                0x000001f6                RTC_Seconds_IRQHandler
                0x00000206                Reserved39_IRQHandler
                0x0000020e                USB0_IRQHandler
                0x00000216                DAC0_IRQHandler
                0x0000021e                TSI0_IRQHandler
                0x00000226                MCG_IRQHandler
                0x0000022e                LPTMR0_IRQHandler
                0x00000236                Reserved45_IRQHandler
                0x0000023e                PORTA_IRQHandler
                0x00000246                PORTD_IRQHandler
                0x00000400                . = 0x400
 *fill*         0x0000024e      0x1b2 ff
                0x00000400                PROVIDE (__FLASH_CONFIG_START__ = .)
 *(SORT_BY_ALIGNMENT(.FlashConfig))
 .FlashConfig   0x00000400       0x10 ./startup/startup_mkl25z4.o
                0x00000400                Flash_Config
                0x00000410                PROVIDE (__FLASH_CONFIG_END__ = .)
                0x00000001                ASSERT (! ((__FLASH_CONFIG_START__ == __FLASH_CONFIG_END__)), Linker Flash Config Support Enabled, but no .FlashConfig section provided within application)
 *(SORT_BY_ALIGNMENT(.text*))
 .text.LCD_Erase
                0x00000410       0x14 ./source/LCD/LCD_text.o
                0x00000410                LCD_Erase
 .text.LCD_Text_Init
                0x00000424       0x7c ./source/LCD/LCD_text.o
                0x00000424                LCD_Text_Init
 .text.LCD_Text_GetGlyphWidth
                0x000004a0       0x40 ./source/LCD/LCD_text.o
                0x000004a0                LCD_Text_GetGlyphWidth
 .text.LCD_Text_PrintChar
                0x000004e0      0x3b8 ./source/LCD/LCD_text.o
                0x000004e0                LCD_Text_PrintChar
 .text.LCD_Text_PrintStr_RC
                0x00000898       0x98 ./source/LCD/LCD_text.o
                0x00000898                LCD_Text_PrintStr_RC
 .text.LCD_GPIO_Init
                0x00000930      0x158 ./source/LCD/ST7789.o
                0x00000930                LCD_GPIO_Init
 .text.LCD_Init_Backlight
                0x00000a88       0x60 ./source/LCD/ST7789.o
 .text.LCD_24S_Write_Command
                0x00000ae8       0x50 ./source/LCD/ST7789.o
 .text.LCD_24S_Write_Data
                0x00000b38       0x50 ./source/LCD/ST7789.o
 .text.LCD_Controller_Init
                0x00000b88       0x9c ./source/LCD/ST7789.o
                0x00000b88                LCD_Controller_Init
 .text.LCD_Init
                0x00000c24       0x20 ./source/LCD/ST7789.o
                0x00000c24                LCD_Init
 .text.Init_ADC
                0x00000c44       0x30 ./source/LCD/touchscreen.o
                0x00000c44                Init_ADC
 .text.LCD_TS_Read
                0x00000c74      0x2d4 ./source/LCD/touchscreen.o
                0x00000c74                LCD_TS_Read
 .text.NVIC_EnableIRQ
                0x00000f48       0x2c ./source/DMA.o
 .text.NVIC_ClearPendingIRQ
                0x00000f74       0x2c ./source/DMA.o
 .text.NVIC_SetPriority
                0x00000fa0       0xec ./source/DMA.o
 .text.DMA_Init
                0x0000108c       0x34 ./source/DMA.o
                0x0000108c                DMA_Init
 .text.Configure_DMA_For_Playback
                0x000010c0       0x78 ./source/DMA.o
                0x000010c0                Configure_DMA_For_Playback
 .text.Start_DMA_Playback
                0x00001138       0x84 ./source/DMA.o
                0x00001138                Start_DMA_Playback
 .text.DMA0_IRQHandler
                0x000011bc       0x78 ./source/DMA.o
                0x000011bc                DMA0_IRQHandler
 .text.i2c_init
                0x00001234       0x80 ./source/I2C.o
                0x00001234                i2c_init
 .text.i2c_busy
                0x000012b4      0x170 ./source/I2C.o
                0x000012b4                i2c_busy
 .text.i2c_wait
                0x00001424       0x64 ./source/I2C.o
                0x00001424                i2c_wait
 .text.i2c_start
                0x00001488       0x28 ./source/I2C.o
                0x00001488                i2c_start
 .text.i2c_read_setup
                0x000014b0       0x70 ./source/I2C.o
                0x000014b0                i2c_read_setup
 .text.i2c_repeated_read
                0x00001520       0x84 ./source/I2C.o
                0x00001520                i2c_repeated_read
 .text.i2c_read_byte
                0x000015a4       0xcc ./source/I2C.o
                0x000015a4                i2c_read_byte
 .text.i2c_write_byte
                0x00001670       0x88 ./source/I2C.o
                0x00001670                i2c_write_byte
 .text.Init_RGB_LEDs
                0x000016f8       0x9c ./source/LEDs.o
                0x000016f8                Init_RGB_LEDs
 .text.Control_RGB_LEDs
                0x00001794       0x5c ./source/LEDs.o
                0x00001794                Control_RGB_LEDs
 .text.read_full_xyz
                0x000017f0       0xa8 ./source/MMA8451.o
                0x000017f0                read_full_xyz
 .text.approx_sqrtf
                0x00001898       0x44 ./source/MMA8451.o
                0x00001898                approx_sqrtf
 .text.approx_atan2f
                0x000018dc      0x1cc ./source/MMA8451.o
                0x000018dc                approx_atan2f
 .text.convert_xyz_to_roll_pitch
                0x00001aa8       0xd4 ./source/MMA8451.o
                0x00001aa8                convert_xyz_to_roll_pitch
 .text.Init_Debug_Signals
                0x00001b7c       0xf8 ./source/debug.o
                0x00001b7c                Init_Debug_Signals
 .text.Delay    0x00001c74       0x24 ./source/delay.o
                0x00001c74                Delay
 .text.HBLED_Test
                0x00001c98       0x74 ./source/main.o
                0x00001c98                HBLED_Test
 .text.main     0x00001d0c       0xa4 ./source/main.o
                0x00001d0c                main
 .text.DAC_Init
                0x00001db0       0x6c ./source/sound.o
                0x00001db0                DAC_Init
 .text.Play_Sound_Sample
                0x00001e1c       0x38 ./source/sound.o
                0x00001e1c                Play_Sound_Sample
 .text.SineTable_Init
                0x00001e54       0x6c ./source/sound.o
                0x00001e54                SineTable_Init
 .text.Init_Waveform
                0x00001ec0       0x44 ./source/sound.o
                0x00001ec0                Init_Waveform
 .text.Init_Voices
                0x00001f04       0xd4 ./source/sound.o
                0x00001f04                Init_Voices
 .text.Sound_Init
                0x00001fd8       0x9c ./source/sound.o
                0x00001fd8                Sound_Init
 .text.Sound_Enable_Amp
                0x00002074       0x10 ./source/sound.o
                0x00002074                Sound_Enable_Amp
 .text.Sound_Disable_Amp
                0x00002084       0x10 ./source/sound.o
                0x00002084                Sound_Disable_Amp
 .text.Play_Tone
                0x00002094       0xb0 ./source/sound.o
                0x00002094                Play_Tone
 .text.Sound_Generate_Next_Sample
                0x00002144      0x134 ./source/sound.o
                0x00002144                Sound_Generate_Next_Sample
 .text.Play_Waveform_with_DMA
                0x00002278       0x20 ./source/sound.o
                0x00002278                Play_Waveform_with_DMA
 .text.Thread_Sound_Manager
                0x00002298      0x108 ./source/sound.o
                0x00002298                Thread_Sound_Manager
 .text.Thread_Refill_Sound_Buffer
                0x000023a0      0x180 ./source/sound.o
                0x000023a0                Thread_Refill_Sound_Buffer
 .text.Create_OS_Objects
                0x00002520       0xb4 ./source/threads.o
                0x00002520                Create_OS_Objects
 .text.Thread_Read_TS
                0x000025d4      0x10c ./source/threads.o
                0x000025d4                Thread_Read_TS
 .text.Thread_Read_Accelerometer
                0x000026e0       0xbc ./source/threads.o
                0x000026e0                Thread_Read_Accelerometer
 .text.Thread_Update_Screen
                0x0000279c      0x1b0 ./source/threads.o
                0x0000279c                Thread_Update_Screen
 .text.PIT_IRQHandler
                0x0000294c      0x100 ./source/timers.o
                0x0000294c                PIT_IRQHandler
 .text.PWM_Init
                0x00002a4c       0xf4 ./source/timers.o
                0x00002a4c                PWM_Init
 .text.TPM0_Init
                0x00002b40       0x38 ./source/timers.o
                0x00002b40                TPM0_Init
 .text.Configure_TPM0_for_DMA
                0x00002b78       0x30 ./source/timers.o
                0x00002b78                Configure_TPM0_for_DMA
 .text.TPM0_Start
                0x00002ba8       0x14 ./source/timers.o
                0x00002ba8                TPM0_Start
 .text.TPM0_IRQHandler
                0x00002bbc       0x14 ./source/timers.o
                0x00002bbc                TPM0_IRQHandler
 .text.osRtxIdleThread
                0x00002bd0       0x14 ./CMSIS/RTX5/RTX_Config.o
                0x00002bd0                osRtxIdleThread
 .text.osRtxErrorNotify
                0x00002be4       0x20 ./CMSIS/RTX5/RTX_Config.o
                0x00002be4                osRtxErrorNotify
 .text.osDelay  0x00002c04       0x3c ./CMSIS/RTX5/rtx_delay.o
                0x00002c04                osDelay
 .text.SVC_Setup
                0x00002c40       0x34 ./CMSIS/RTX5/rtx_kernel.o
 .text.svcRtxKernelInitialize
                0x00002c74      0x250 ./CMSIS/RTX5/rtx_kernel.o
 .text.svcRtxKernelStart
                0x00002ec4       0xa8 ./CMSIS/RTX5/rtx_kernel.o
 .text.osKernelInitialize
                0x00002f6c       0x38 ./CMSIS/RTX5/rtx_kernel.o
                0x00002f6c                osKernelInitialize
 .text.osKernelStart
                0x00002fa4       0x34 ./CMSIS/RTX5/rtx_kernel.o
                0x00002fa4                osKernelStart
 .text.osRtxThreadGetRunning
                0x00002fd8        0xc ./CMSIS/RTX5/rtx_msgqueue.o
 .text.svcRtxMessageQueueNew
                0x00002fe4      0x1e4 ./CMSIS/RTX5/rtx_msgqueue.o
 .text.osMessageQueueNew
                0x000031c8       0x4c ./CMSIS/RTX5/rtx_msgqueue.o
                0x000031c8                osMessageQueueNew
 .text.osMessageQueuePut
                0x00003214       0x78 ./CMSIS/RTX5/rtx_msgqueue.o
                0x00003214                osMessageQueuePut
 .text.osMessageQueueGet
                0x0000328c       0x64 ./CMSIS/RTX5/rtx_msgqueue.o
                0x0000328c                osMessageQueueGet
 .text.osRtxThreadGetRunning
                0x000032f0        0xc ./CMSIS/RTX5/rtx_mutex.o
 .text.svcRtxMutexNew
                0x000032fc       0xe8 ./CMSIS/RTX5/rtx_mutex.o
 .text.osMutexNew
                0x000033e4       0x3c ./CMSIS/RTX5/rtx_mutex.o
                0x000033e4                osMutexNew
 .text.osMutexAcquire
                0x00003420       0x44 ./CMSIS/RTX5/rtx_mutex.o
                0x00003420                osMutexAcquire
 .text.osMutexRelease
                0x00003464       0x3c ./CMSIS/RTX5/rtx_mutex.o
                0x00003464                osMutexRelease
 .text.SetPendSV
                0x000034a0       0x10 ./CMSIS/RTX5/rtx_system.o
 .text.osRtxKernelGetState
                0x000034b0        0xc ./CMSIS/RTX5/rtx_system.o
 .text.isr_queue_put
                0x000034bc       0x94 ./CMSIS/RTX5/rtx_system.o
 .text.isr_queue_get
                0x00003550       0x84 ./CMSIS/RTX5/rtx_system.o
 .text.osRtxTick_Handler
                0x000035d4       0xc4 ./CMSIS/RTX5/rtx_system.o
                0x000035d4                osRtxTick_Handler
 .text.osRtxPendSV_Handler
                0x00003698       0xa4 ./CMSIS/RTX5/rtx_system.o
                0x00003698                osRtxPendSV_Handler
 .text.osRtxPostProcess
                0x0000373c       0x40 ./CMSIS/RTX5/rtx_system.o
                0x0000373c                osRtxPostProcess
 .text.osRtxKernelGetState
                0x0000377c        0xc ./CMSIS/RTX5/rtx_thread.o
 .text.osRtxThreadGetRunning
                0x00003788        0xc ./CMSIS/RTX5/rtx_thread.o
 .text.osRtxThreadSetRunning
                0x00003794       0x14 ./CMSIS/RTX5/rtx_thread.o
 .text.osRtxThreadReadyPut
                0x000037a8       0x24 ./CMSIS/RTX5/rtx_thread.o
                0x000037a8                osRtxThreadReadyPut
 .text.osRtxThreadDelayInsert
                0x000037cc       0xc8 ./CMSIS/RTX5/rtx_thread.o
 .text.osRtxThreadDelayRemove
                0x00003894       0x94 ./CMSIS/RTX5/rtx_thread.o
 .text.osRtxThreadDelayTick
                0x00003928       0xb0 ./CMSIS/RTX5/rtx_thread.o
                0x00003928                osRtxThreadDelayTick
 .text.osRtxThreadBlock
                0x000039d8       0x70 ./CMSIS/RTX5/rtx_thread.o
 .text.osRtxThreadSwitch
                0x00003a48       0x20 ./CMSIS/RTX5/rtx_thread.o
                0x00003a48                osRtxThreadSwitch
 .text.osRtxThreadDispatch
                0x00003a68       0xa0 ./CMSIS/RTX5/rtx_thread.o
                0x00003a68                osRtxThreadDispatch
 .text.osRtxThreadWaitEnter
                0x00003b08       0x6c ./CMSIS/RTX5/rtx_thread.o
                0x00003b08                osRtxThreadWaitEnter
 .text.osRtxThreadStackCheck
                0x00003b74       0x40 ./CMSIS/RTX5/rtx_thread.o
                0x00003b74                osRtxThreadStackCheck
 .text.svcRtxThreadNew
                0x00003bb4      0x348 ./CMSIS/RTX5/rtx_thread.o
 .text.osRtxThreadFree
                0x00003efc       0x90 ./CMSIS/RTX5/rtx_thread.o
 .text.svcRtxThreadExit
                0x00003f8c       0xb0 ./CMSIS/RTX5/rtx_thread.o
 .text.osRtxThreadStartup
                0x0000403c       0x78 ./CMSIS/RTX5/rtx_thread.o
                0x0000403c                osRtxThreadStartup
 .text.osThreadNew
                0x000040b4       0x50 ./CMSIS/RTX5/rtx_thread.o
                0x000040b4                osThreadNew
 .text.osThreadExit
                0x00004104       0x10 ./CMSIS/RTX5/rtx_thread.o
                0x00004104                osThreadExit
 .text.osThreadFlagsSet
                0x00004114       0x50 ./CMSIS/RTX5/rtx_thread.o
                0x00004114                osThreadFlagsSet
 .text.osThreadFlagsWait
                0x00004164       0x4c ./CMSIS/RTX5/rtx_thread.o
                0x00004164                osThreadFlagsWait
 .text.TimerInsert
                0x000041b0       0x80 ./CMSIS/RTX5/rtx_timer.o
 .text.TimerUnlink
                0x00004230       0x28 ./CMSIS/RTX5/rtx_timer.o
 .text.osRtxTimerTick
                0x00004258       0x88 ./CMSIS/RTX5/rtx_timer.o
 .text.osRtxTimerThread
                0x000042e0       0x60 ./CMSIS/RTX5/rtx_timer.o
                0x000042e0                osRtxTimerThread
 .text.SystemInit
                0x00004340       0x14 ./CMSIS/system_MKL25Z4.o
                0x00004340                SystemInit
 .text.SystemCoreClockUpdate
                0x00004354      0x24c ./CMSIS/system_MKL25Z4.o
                0x00004354                SystemCoreClockUpdate
 .text          0x000045a0       0xa4 C:\Users\Michael\Documents\MCUXpressoIDE_11.0.1_2563\workspace\MCUXpresso_GNU_Shield_Code\CMSIS\RTX5\libRTX_CM0.a(irq_cm0.o)
                0x000045a0                SVC_Handler
                0x00004624                PendSV_Handler
                0x00004630                SysTick_Handler
 .text.OS_Tick_Setup
                0x00004644       0x54 C:\Users\Michael\Documents\MCUXpressoIDE_11.0.1_2563\workspace\MCUXpresso_GNU_Shield_Code\CMSIS\RTX5\libRTX_CM0.a(os_systick.o)
                0x00004644                OS_Tick_Setup
 .text.OS_Tick_Enable
                0x00004698       0x2c C:\Users\Michael\Documents\MCUXpressoIDE_11.0.1_2563\workspace\MCUXpresso_GNU_Shield_Code\CMSIS\RTX5\libRTX_CM0.a(os_systick.o)
                0x00004698                OS_Tick_Enable
 .text.OS_Tick_AcknowledgeIRQ
                0x000046c4        0xc C:\Users\Michael\Documents\MCUXpressoIDE_11.0.1_2563\workspace\MCUXpresso_GNU_Shield_Code\CMSIS\RTX5\libRTX_CM0.a(os_systick.o)
                0x000046c4                OS_Tick_AcknowledgeIRQ
 .text.OS_Tick_GetIRQn
                0x000046d0        0x8 C:\Users\Michael\Documents\MCUXpressoIDE_11.0.1_2563\workspace\MCUXpresso_GNU_Shield_Code\CMSIS\RTX5\libRTX_CM0.a(os_systick.o)
                0x000046d0                OS_Tick_GetIRQn
 .text          0x000046d8      0x114 c:/nxp/mcuxpressoide_11.0.1_2563/ide/plugins/com.nxp.mcuxpresso.tools.win32_11.0.1.201907311258/tools/bin/../lib/gcc/arm-none-eabi/8.2.1/thumb/v6-m/nofp\libgcc.a(_udivsi3.o)
                0x000046d8                __aeabi_uidiv
                0x000046d8                __udivsi3
                0x000047e4                __aeabi_uidivmod
 .text          0x000047ec      0x1d4 c:/nxp/mcuxpressoide_11.0.1_2563/ide/plugins/com.nxp.mcuxpresso.tools.win32_11.0.1.201907311258/tools/bin/../lib/gcc/arm-none-eabi/8.2.1/thumb/v6-m/nofp\libgcc.a(_divsi3.o)
                0x000047ec                __divsi3
                0x000047ec                __aeabi_idiv
                0x000049b8                __aeabi_idivmod
 .text          0x000049c0        0x4 c:/nxp/mcuxpressoide_11.0.1_2563/ide/plugins/com.nxp.mcuxpresso.tools.win32_11.0.1.201907311258/tools/bin/../lib/gcc/arm-none-eabi/8.2.1/thumb/v6-m/nofp\libgcc.a(_dvmd_tls.o)
                0x000049c0                __aeabi_idiv0
                0x000049c0                __aeabi_ldiv0
 .text          0x000049c4       0x74 c:/nxp/mcuxpressoide_11.0.1_2563/ide/plugins/com.nxp.mcuxpresso.tools.win32_11.0.1.201907311258/tools/bin/../lib/gcc/arm-none-eabi/8.2.1/thumb/v6-m/nofp\libgcc.a(_arm_cmpsf2.o)
                0x000049c4                __aeabi_cfrcmple
                0x000049cc                __aeabi_cfcmpeq
                0x000049cc                __aeabi_cfcmple
                0x000049dc                __aeabi_fcmpeq
                0x000049e8                __aeabi_fcmplt
                0x000049fc                __aeabi_fcmple
                0x00004a10                __aeabi_fcmpgt
                0x00004a24                __aeabi_fcmpge
 .text          0x00004a38       0x3c c:/nxp/mcuxpressoide_11.0.1_2563/ide/plugins/com.nxp.mcuxpresso.tools.win32_11.0.1.201907311258/tools/bin/../lib/gcc/arm-none-eabi/8.2.1/thumb/v6-m/nofp\libgcc.a(_clzsi2.o)
                0x00004a38                __clzsi2
 .text          0x00004a74       0x30 c:/nxp/mcuxpressoide_11.0.1_2563/ide/plugins/com.nxp.mcuxpresso.tools.win32_11.0.1.201907311258/tools/bin/../lib/gcc/arm-none-eabi/8.2.1/thumb/v6-m/nofp\libgcc.a(_fixunssfsi.o)
                0x00004a74                __fixunssfsi
                0x00004a74                __aeabi_f2uiz
 .text          0x00004aa4      0x2f8 c:/nxp/mcuxpressoide_11.0.1_2563/ide/plugins/com.nxp.mcuxpresso.tools.win32_11.0.1.201907311258/tools/bin/../lib/gcc/arm-none-eabi/8.2.1/thumb/v6-m/nofp\libgcc.a(addsf3.o)
                0x00004aa4                __aeabi_fadd
 .text          0x00004d9c      0x230 c:/nxp/mcuxpressoide_11.0.1_2563/ide/plugins/com.nxp.mcuxpresso.tools.win32_11.0.1.201907311258/tools/bin/../lib/gcc/arm-none-eabi/8.2.1/thumb/v6-m/nofp\libgcc.a(divsf3.o)
                0x00004d9c                __aeabi_fdiv
 .text          0x00004fcc       0x50 c:/nxp/mcuxpressoide_11.0.1_2563/ide/plugins/com.nxp.mcuxpresso.tools.win32_11.0.1.201907311258/tools/bin/../lib/gcc/arm-none-eabi/8.2.1/thumb/v6-m/nofp\libgcc.a(eqsf2.o)
                0x00004fcc                __eqsf2
                0x00004fcc                __nesf2
 .text          0x0000501c       0x9c c:/nxp/mcuxpressoide_11.0.1_2563/ide/plugins/com.nxp.mcuxpresso.tools.win32_11.0.1.201907311258/tools/bin/../lib/gcc/arm-none-eabi/8.2.1/thumb/v6-m/nofp\libgcc.a(gesf2.o)
                0x0000501c                __gesf2
                0x0000501c                __gtsf2
 .text          0x000050b8       0x9c c:/nxp/mcuxpressoide_11.0.1_2563/ide/plugins/com.nxp.mcuxpresso.tools.win32_11.0.1.201907311258/tools/bin/../lib/gcc/arm-none-eabi/8.2.1/thumb/v6-m/nofp\libgcc.a(lesf2.o)
                0x000050b8                __ltsf2
                0x000050b8                __lesf2
 .text          0x00005154      0x22c c:/nxp/mcuxpressoide_11.0.1_2563/ide/plugins/com.nxp.mcuxpresso.tools.win32_11.0.1.201907311258/tools/bin/../lib/gcc/arm-none-eabi/8.2.1/thumb/v6-m/nofp\libgcc.a(mulsf3.o)
                0x00005154                __aeabi_fmul
 .text          0x00005380      0x34c c:/nxp/mcuxpressoide_11.0.1_2563/ide/plugins/com.nxp.mcuxpresso.tools.win32_11.0.1.201907311258/tools/bin/../lib/gcc/arm-none-eabi/8.2.1/thumb/v6-m/nofp\libgcc.a(subsf3.o)
                0x00005380                __aeabi_fsub
 .text          0x000056cc       0x40 c:/nxp/mcuxpressoide_11.0.1_2563/ide/plugins/com.nxp.mcuxpresso.tools.win32_11.0.1.201907311258/tools/bin/../lib/gcc/arm-none-eabi/8.2.1/thumb/v6-m/nofp\libgcc.a(fixsfsi.o)
                0x000056cc                __aeabi_f2iz
 .text          0x0000570c       0x94 c:/nxp/mcuxpressoide_11.0.1_2563/ide/plugins/com.nxp.mcuxpresso.tools.win32_11.0.1.201907311258/tools/bin/../lib/gcc/arm-none-eabi/8.2.1/thumb/v6-m/nofp\libgcc.a(floatsisf.o)
                0x0000570c                __aeabi_i2f
 .text          0x000057a0      0x6ec c:/nxp/mcuxpressoide_11.0.1_2563/ide/plugins/com.nxp.mcuxpresso.tools.win32_11.0.1.201907311258/tools/bin/../lib/gcc/arm-none-eabi/8.2.1/thumb/v6-m/nofp\libgcc.a(adddf3.o)
                0x000057a0                __aeabi_dadd
 .text          0x00005e8c      0x510 c:/nxp/mcuxpressoide_11.0.1_2563/ide/plugins/com.nxp.mcuxpresso.tools.win32_11.0.1.201907311258/tools/bin/../lib/gcc/arm-none-eabi/8.2.1/thumb/v6-m/nofp\libgcc.a(muldf3.o)
                0x00005e8c                __aeabi_dmul
 .text          0x0000639c      0x730 c:/nxp/mcuxpressoide_11.0.1_2563/ide/plugins/com.nxp.mcuxpresso.tools.win32_11.0.1.201907311258/tools/bin/../lib/gcc/arm-none-eabi/8.2.1/thumb/v6-m/nofp\libgcc.a(subdf3.o)
                0x0000639c                __aeabi_dsub
 .text          0x00006acc       0x64 c:/nxp/mcuxpressoide_11.0.1_2563/ide/plugins/com.nxp.mcuxpresso.tools.win32_11.0.1.201907311258/tools/bin/../lib/gcc/arm-none-eabi/8.2.1/thumb/v6-m/nofp\libgcc.a(floatunsidf.o)
                0x00006acc                __aeabi_ui2d
 .text          0x00006b30       0xa4 c:/nxp/mcuxpressoide_11.0.1_2563/ide/plugins/com.nxp.mcuxpresso.tools.win32_11.0.1.201907311258/tools/bin/../lib/gcc/arm-none-eabi/8.2.1/thumb/v6-m/nofp\libgcc.a(extendsfdf2.o)
                0x00006b30                __aeabi_f2d
 .text          0x00006bd4      0x110 c:/nxp/mcuxpressoide_11.0.1_2563/ide/plugins/com.nxp.mcuxpresso.tools.win32_11.0.1.201907311258/tools/bin/../lib/gcc/arm-none-eabi/8.2.1/thumb/v6-m/nofp\libgcc.a(truncdfsf2.o)
                0x00006bd4                __aeabi_d2f
 .text.sprintf  0x00006ce4       0x40 c:/nxp/mcuxpressoide_11.0.1_2563/ide/plugins/com.nxp.mcuxpresso.tools.win32_11.0.1.201907311258/tools/bin/../lib/gcc/arm-none-eabi/8.2.1/../../../../arm-none-eabi/lib/thumb/v6-m/nofp\libc_nano.a(lib_a-sprintf.o)
                0x00006ce4                siprintf
                0x00006ce4                sprintf
 .text.__ssputs_r
                0x00006d24       0xc4 c:/nxp/mcuxpressoide_11.0.1_2563/ide/plugins/com.nxp.mcuxpresso.tools.win32_11.0.1.201907311258/tools/bin/../lib/gcc/arm-none-eabi/8.2.1/../../../../arm-none-eabi/lib/thumb/v6-m/nofp\libc_nano.a(lib_a-nano-svfprintf.o)
                0x00006d24                __ssputs_r
 .text._svfprintf_r
                0x00006de8      0x1fc c:/nxp/mcuxpressoide_11.0.1_2563/ide/plugins/com.nxp.mcuxpresso.tools.win32_11.0.1.201907311258/tools/bin/../lib/gcc/arm-none-eabi/8.2.1/../../../../arm-none-eabi/lib/thumb/v6-m/nofp\libc_nano.a(lib_a-nano-svfprintf.o)
                0x00006de8                _svfiprintf_r
                0x00006de8                _svfprintf_r
 .text._printf_i
                0x00006fe4      0x214 c:/nxp/mcuxpressoide_11.0.1_2563/ide/plugins/com.nxp.mcuxpresso.tools.win32_11.0.1.201907311258/tools/bin/../lib/gcc/arm-none-eabi/8.2.1/../../../../arm-none-eabi/lib/thumb/v6-m/nofp\libc_nano.a(lib_a-nano-vfprintf_i.o)
                0x00006fe4                _printf_i
 .text._free_r  0x000071f8       0x94 c:/nxp/mcuxpressoide_11.0.1_2563/ide/plugins/com.nxp.mcuxpresso.tools.win32_11.0.1.201907311258/tools/bin/../lib/gcc/arm-none-eabi/8.2.1/../../../../arm-none-eabi/lib/thumb/v6-m/nofp\libc_nano.a(lib_a-nano-freer.o)
                0x000071f8                _free_r
 .text._malloc_r
                0x0000728c       0xbc c:/nxp/mcuxpressoide_11.0.1_2563/ide/plugins/com.nxp.mcuxpresso.tools.win32_11.0.1.201907311258/tools/bin/../lib/gcc/arm-none-eabi/8.2.1/../../../../arm-none-eabi/lib/thumb/v6-m/nofp\libc_nano.a(lib_a-nano-mallocr.o)
                0x0000728c                _malloc_r
 .text._sbrk_r  0x00007348       0x24 c:/nxp/mcuxpressoide_11.0.1_2563/ide/plugins/com.nxp.mcuxpresso.tools.win32_11.0.1.201907311258/tools/bin/../lib/gcc/arm-none-eabi/8.2.1/../../../../arm-none-eabi/lib/thumb/v6-m/nofp\libc_nano.a(lib_a-sbrkr.o)
                0x00007348                _sbrk_r
 .text.__malloc_lock
                0x0000736c       0x10 c:/nxp/mcuxpressoide_11.0.1_2563/ide/plugins/com.nxp.mcuxpresso.tools.win32_11.0.1.201907311258/tools/bin/../lib/gcc/arm-none-eabi/8.2.1/../../../../arm-none-eabi/lib/thumb/v6-m/nofp\libc_nano.a(lib_a-mlock.o)
                0x0000736c                __malloc_lock
 .text.__malloc_unlock
                0x0000737c       0x10 c:/nxp/mcuxpressoide_11.0.1_2563/ide/plugins/com.nxp.mcuxpresso.tools.win32_11.0.1.201907311258/tools/bin/../lib/gcc/arm-none-eabi/8.2.1/../../../../arm-none-eabi/lib/thumb/v6-m/nofp\libc_nano.a(lib_a-mlock.o)
                0x0000737c                __malloc_unlock
 .text.sinf     0x0000738c       0x7c c:/nxp/mcuxpressoide_11.0.1_2563/ide/plugins/com.nxp.mcuxpresso.tools.win32_11.0.1.201907311258/tools/bin/../lib/gcc/arm-none-eabi/8.2.1/../../../../arm-none-eabi/lib/thumb/v6-m/nofp\libm.a(lib_a-sf_sin.o)
                0x0000738c                sinf
 .text.__ieee754_rem_pio2f
                0x00007408      0x304 c:/nxp/mcuxpressoide_11.0.1_2563/ide/plugins/com.nxp.mcuxpresso.tools.win32_11.0.1.201907311258/tools/bin/../lib/gcc/arm-none-eabi/8.2.1/../../../../arm-none-eabi/lib/thumb/v6-m/nofp\libm.a(lib_a-ef_rem_pio2.o)
                0x00007408                __ieee754_rem_pio2f
 .text.__kernel_cosf
                0x0000770c      0x194 c:/nxp/mcuxpressoide_11.0.1_2563/ide/plugins/com.nxp.mcuxpresso.tools.win32_11.0.1.201907311258/tools/bin/../lib/gcc/arm-none-eabi/8.2.1/../../../../arm-none-eabi/lib/thumb/v6-m/nofp\libm.a(lib_a-kf_cos.o)
                0x0000770c                __kernel_cosf
 .text.__kernel_rem_pio2f
                0x000078a0      0x778 c:/nxp/mcuxpressoide_11.0.1_2563/ide/plugins/com.nxp.mcuxpresso.tools.win32_11.0.1.201907311258/tools/bin/../lib/gcc/arm-none-eabi/8.2.1/../../../../arm-none-eabi/lib/thumb/v6-m/nofp\libm.a(lib_a-kf_rem_pio2.o)
                0x000078a0                __kernel_rem_pio2f
 .text.__kernel_sinf
                0x00008018       0xf4 c:/nxp/mcuxpressoide_11.0.1_2563/ide/plugins/com.nxp.mcuxpresso.tools.win32_11.0.1.201907311258/tools/bin/../lib/gcc/arm-none-eabi/8.2.1/../../../../arm-none-eabi/lib/thumb/v6-m/nofp\libm.a(lib_a-kf_sin.o)
                0x00008018                __kernel_sinf
 .text.fabsf    0x0000810c        0x8 c:/nxp/mcuxpressoide_11.0.1_2563/ide/plugins/com.nxp.mcuxpresso.tools.win32_11.0.1.201907311258/tools/bin/../lib/gcc/arm-none-eabi/8.2.1/../../../../arm-none-eabi/lib/thumb/v6-m/nofp\libm.a(lib_a-sf_fabs.o)
                0x0000810c                fabsf
 .text.floorf   0x00008114       0x84 c:/nxp/mcuxpressoide_11.0.1_2563/ide/plugins/com.nxp.mcuxpresso.tools.win32_11.0.1.201907311258/tools/bin/../lib/gcc/arm-none-eabi/8.2.1/../../../../arm-none-eabi/lib/thumb/v6-m/nofp\libm.a(lib_a-sf_floor.o)
                0x00008114                floorf
 .text.scalbnf  0x00008198       0xc0 c:/nxp/mcuxpressoide_11.0.1_2563/ide/plugins/com.nxp.mcuxpresso.tools.win32_11.0.1.201907311258/tools/bin/../lib/gcc/arm-none-eabi/8.2.1/../../../../arm-none-eabi/lib/thumb/v6-m/nofp\libm.a(lib_a-sf_scalbn.o)
                0x00008198                scalbnf
 .text._sbrk    0x00008258       0x40 c:/nxp/mcuxpressoide_11.0.1_2563/ide/plugins/com.nxp.mcuxpresso.tools.win32_11.0.1.201907311258/tools/bin/../lib/gcc/arm-none-eabi/8.2.1/../../../../arm-none-eabi/lib/thumb/v6-m/nofp\libcr_newlib_nohost.a(_cr_sbrk.o)
                0x00008258                _sbrk
 .text.__check_heap_overflow
                0x00008298       0x14 c:/nxp/mcuxpressoide_11.0.1_2563/ide/plugins/com.nxp.mcuxpresso.tools.win32_11.0.1.201907311258/tools/bin/../lib/gcc/arm-none-eabi/8.2.1/../../../../arm-none-eabi/lib/thumb/v6-m/nofp\libcr_newlib_nohost.a(_cr_check_heap.o)
                0x00008298                __check_heap_overflow
 .text.__errno  0x000082ac        0xc c:/nxp/mcuxpressoide_11.0.1_2563/ide/plugins/com.nxp.mcuxpresso.tools.win32_11.0.1.201907311258/tools/bin/../lib/gcc/arm-none-eabi/8.2.1/../../../../arm-none-eabi/lib/thumb/v6-m/nofp\libc_nano.a(lib_a-errno.o)
                0x000082ac                __errno
 .text.LCD_Draw_Line
                0x000082b8      0x3ba ./source/LCD/LCD_graphics.o
                0x000082b8                LCD_Draw_Line
 .text.LCD_Plot_Pixel
                0x00008672       0xbe ./source/LCD/ST7789.o
                0x00008672                LCD_Plot_Pixel
 .text.LCD_Fill_Buffer
                0x00008730       0xd0 ./source/LCD/ST7789.o
                0x00008730                LCD_Fill_Buffer
 .text.LCD_Fill_Rectangle
                0x00008800      0x19c ./source/LCD/ST7789.o
                0x00008800                LCD_Fill_Rectangle
 .text.LCD_Start_Rectangle
                0x0000899c      0x132 ./source/LCD/ST7789.o
                0x0000899c                LCD_Start_Rectangle
 .text.LCD_Write_Rectangle_Pixel
                0x00008ace       0x74 ./source/LCD/ST7789.o
                0x00008ace                LCD_Write_Rectangle_Pixel
 .text.LCD_TS_Init
                0x00008b42        0xa ./source/LCD/touchscreen.o
                0x00008b42                LCD_TS_Init
 .text.init_mma
                0x00008b4c       0x3a ./source/MMA8451.o
                0x00008b4c                init_mma
 .text.ShortDelay
                0x00008b86       0x1c ./source/delay.o
                0x00008b86                ShortDelay
 .text.IsIrqMode
                0x00008ba2       0x16 ./CMSIS/RTX5/rtx_delay.o
 .text.IsIrqMasked
                0x00008bb8       0x16 ./CMSIS/RTX5/rtx_delay.o
 .text.svcRtxDelay
                0x00008bce       0x1e ./CMSIS/RTX5/rtx_delay.o
 .text.IsIrqMode
                0x00008bec       0x16 ./CMSIS/RTX5/rtx_kernel.o
 .text.IsIrqMasked
                0x00008c02       0x16 ./CMSIS/RTX5/rtx_kernel.o
 .text.osRtxKernelPreInit
                0x00008c18        0x4 ./CMSIS/RTX5/rtx_kernel.o
                0x00008c18                osRtxKernelPreInit
 .text.MemHeadPtr
                0x00008c1c        0xc ./CMSIS/RTX5/rtx_memory.o
 .text.MemBlockPtr
                0x00008c28       0x1a ./CMSIS/RTX5/rtx_memory.o
 .text.osRtxMemoryInit
                0x00008c42       0x82 ./CMSIS/RTX5/rtx_memory.o
                0x00008c42                osRtxMemoryInit
 .text.osRtxMemoryAlloc
                0x00008cc4      0x132 ./CMSIS/RTX5/rtx_memory.o
                0x00008cc4                osRtxMemoryAlloc
 .text.osRtxMemoryFree
                0x00008df6       0x92 ./CMSIS/RTX5/rtx_memory.o
                0x00008df6                osRtxMemoryFree
 .text.osRtxMemoryPoolInit
                0x00008e88       0x84 ./CMSIS/RTX5/rtx_mempool.o
                0x00008e88                osRtxMemoryPoolInit
 .text.osRtxMemoryPoolAlloc
                0x00008f0c       0x48 ./CMSIS/RTX5/rtx_mempool.o
                0x00008f0c                osRtxMemoryPoolAlloc
 .text.osRtxMemoryPoolFree
                0x00008f54       0x5a ./CMSIS/RTX5/rtx_mempool.o
                0x00008f54                osRtxMemoryPoolFree
 .text.IsIrqMode
                0x00008fae       0x16 ./CMSIS/RTX5/rtx_msgqueue.o
 .text.IsIrqMasked
                0x00008fc4       0x16 ./CMSIS/RTX5/rtx_msgqueue.o
 .text.osRtxMessageQueueId
                0x00008fda        0xc ./CMSIS/RTX5/rtx_msgqueue.o
 .text.osRtxObject
                0x00008fe6        0xc ./CMSIS/RTX5/rtx_msgqueue.o
 .text.MessageQueuePut
                0x00008ff2       0xa8 ./CMSIS/RTX5/rtx_msgqueue.o
 .text.MessageQueueGet
                0x0000909a       0x7e ./CMSIS/RTX5/rtx_msgqueue.o
 .text.MessageQueueRemove
                0x00009118       0x44 ./CMSIS/RTX5/rtx_msgqueue.o
 .text.osRtxMessageQueuePostProcess
                0x0000915c      0x166 ./CMSIS/RTX5/rtx_msgqueue.o
 .text.svcRtxMessageQueuePut
                0x000092c2      0x158 ./CMSIS/RTX5/rtx_msgqueue.o
 .text.svcRtxMessageQueueGet
                0x0000941a      0x16c ./CMSIS/RTX5/rtx_msgqueue.o
 .text.isrRtxMessageQueuePut
                0x00009586       0xac ./CMSIS/RTX5/rtx_msgqueue.o
 .text.isrRtxMessageQueueGet
                0x00009632       0x96 ./CMSIS/RTX5/rtx_msgqueue.o
 .text.IsIrqMode
                0x000096c8       0x16 ./CMSIS/RTX5/rtx_mutex.o
 .text.IsIrqMasked
                0x000096de       0x16 ./CMSIS/RTX5/rtx_mutex.o
 .text.osRtxMutexId
                0x000096f4        0xc ./CMSIS/RTX5/rtx_mutex.o
 .text.osRtxObject
                0x00009700        0xc ./CMSIS/RTX5/rtx_mutex.o
 .text.osRtxMutexOwnerRelease
                0x0000970c       0x8c ./CMSIS/RTX5/rtx_mutex.o
                0x0000970c                osRtxMutexOwnerRelease
 .text.svcRtxMutexAcquire
                0x00009798      0x126 ./CMSIS/RTX5/rtx_mutex.o
 .text.svcRtxMutexRelease
                0x000098be      0x164 ./CMSIS/RTX5/rtx_mutex.o
 .text.osRtxObject
                0x00009a22        0xc ./CMSIS/RTX5/rtx_system.o
 .text.osRtxThreadObject
                0x00009a2e        0xc ./CMSIS/RTX5/rtx_system.o
 .text.osRtxEventFlagsObject
                0x00009a3a        0xc ./CMSIS/RTX5/rtx_system.o
 .text.osRtxSemaphoreObject
                0x00009a46        0xc ./CMSIS/RTX5/rtx_system.o
 .text.osRtxMemoryPoolObject
                0x00009a52        0xc ./CMSIS/RTX5/rtx_system.o
 .text.osRtxMessageObject
                0x00009a5e        0xc ./CMSIS/RTX5/rtx_system.o
 .text.xPSR_InitVal
                0x00009a6a       0x1c ./CMSIS/RTX5/rtx_thread.o
 .text.StackOffsetR0
                0x00009a86       0x12 ./CMSIS/RTX5/rtx_thread.o
 .text.IsIrqMode
                0x00009a98       0x16 ./CMSIS/RTX5/rtx_thread.o
 .text.IsIrqMasked
                0x00009aae       0x16 ./CMSIS/RTX5/rtx_thread.o
 .text.osRtxThreadId
                0x00009ac4        0xc ./CMSIS/RTX5/rtx_thread.o
 .text.osRtxObject
                0x00009ad0        0xc ./CMSIS/RTX5/rtx_thread.o
 .text.osRtxThreadObject
                0x00009adc        0xc ./CMSIS/RTX5/rtx_thread.o
 .text.ThreadFlagsSet
                0x00009ae8       0x34 ./CMSIS/RTX5/rtx_thread.o
 .text.ThreadFlagsCheck
                0x00009b1c       0x9a ./CMSIS/RTX5/rtx_thread.o
 .text.osRtxThreadListPut
                0x00009bb6       0x66 ./CMSIS/RTX5/rtx_thread.o
                0x00009bb6                osRtxThreadListPut
 .text.osRtxThreadListGet
                0x00009c1c       0x3a ./CMSIS/RTX5/rtx_thread.o
                0x00009c1c                osRtxThreadListGet
 .text.osRtxThreadListSort
                0x00009c56       0x4c ./CMSIS/RTX5/rtx_thread.o
                0x00009c56                osRtxThreadListSort
 .text.osRtxThreadListRemove
                0x00009ca2       0x34 ./CMSIS/RTX5/rtx_thread.o
                0x00009ca2                osRtxThreadListRemove
 .text.osRtxThreadRegPtr
                0x00009cd6       0x24 ./CMSIS/RTX5/rtx_thread.o
                0x00009cd6                osRtxThreadRegPtr
 .text.osRtxThreadWaitExit
                0x00009cfa       0x4a ./CMSIS/RTX5/rtx_thread.o
                0x00009cfa                osRtxThreadWaitExit
 .text.osRtxThreadPostProcess
                0x00009d44       0x3e ./CMSIS/RTX5/rtx_thread.o
 .text.svcRtxThreadFlagsSet
                0x00009d82       0xa6 ./CMSIS/RTX5/rtx_thread.o
 .text.svcRtxThreadFlagsWait
                0x00009e28       0x76 ./CMSIS/RTX5/rtx_thread.o
 .text.isrRtxThreadFlagsSet
                0x00009e9e       0x64 ./CMSIS/RTX5/rtx_thread.o
 .text.osRtxMessageQueueId
                0x00009f02        0xc ./CMSIS/RTX5/rtx_timer.o
 .text.memcpy   0x00009f0e       0x12 c:/nxp/mcuxpressoide_11.0.1_2563/ide/plugins/com.nxp.mcuxpresso.tools.win32_11.0.1.201907311258/tools/bin/../lib/gcc/arm-none-eabi/8.2.1/../../../../arm-none-eabi/lib/thumb/v6-m/nofp\libc_nano.a(lib_a-memcpy-stub.o)
                0x00009f0e                memcpy
 .text.memset   0x00009f20       0x10 c:/nxp/mcuxpressoide_11.0.1_2563/ide/plugins/com.nxp.mcuxpresso.tools.win32_11.0.1.201907311258/tools/bin/../lib/gcc/arm-none-eabi/8.2.1/../../../../arm-none-eabi/lib/thumb/v6-m/nofp\libc_nano.a(lib_a-memset.o)
                0x00009f20                memset
 .text._printf_common
                0x00009f30       0xda c:/nxp/mcuxpressoide_11.0.1_2563/ide/plugins/com.nxp.mcuxpresso.tools.win32_11.0.1.201907311258/tools/bin/../lib/gcc/arm-none-eabi/8.2.1/../../../../arm-none-eabi/lib/thumb/v6-m/nofp\libc_nano.a(lib_a-nano-vfprintf_i.o)
                0x00009f30                _printf_common
 .text.memchr   0x0000a00a       0x16 c:/nxp/mcuxpressoide_11.0.1_2563/ide/plugins/com.nxp.mcuxpresso.tools.win32_11.0.1.201907311258/tools/bin/../lib/gcc/arm-none-eabi/8.2.1/../../../../arm-none-eabi/lib/thumb/v6-m/nofp\libc_nano.a(lib_a-memchr-stub.o)
                0x0000a00a                memchr
 .text.memmove  0x0000a020       0x26 c:/nxp/mcuxpressoide_11.0.1_2563/ide/plugins/com.nxp.mcuxpresso.tools.win32_11.0.1.201907311258/tools/bin/../lib/gcc/arm-none-eabi/8.2.1/../../../../arm-none-eabi/lib/thumb/v6-m/nofp\libc_nano.a(lib_a-memmove.o)
                0x0000a020                memmove
 .text._realloc_r
                0x0000a046       0x4c c:/nxp/mcuxpressoide_11.0.1_2563/ide/plugins/com.nxp.mcuxpresso.tools.win32_11.0.1.201907311258/tools/bin/../lib/gcc/arm-none-eabi/8.2.1/../../../../arm-none-eabi/lib/thumb/v6-m/nofp\libc_nano.a(lib_a-nano-reallocr.o)
                0x0000a046                _realloc_r
 .text._malloc_usable_size_r
                0x0000a092       0x10 c:/nxp/mcuxpressoide_11.0.1_2563/ide/plugins/com.nxp.mcuxpresso.tools.win32_11.0.1.201907311258/tools/bin/../lib/gcc/arm-none-eabi/8.2.1/../../../../arm-none-eabi/lib/thumb/v6-m/nofp\libc_nano.a(lib_a-nano-msizer.o)
                0x0000a092                _malloc_usable_size_r
 .text.__retarget_lock_acquire_recursive
                0x0000a0a2        0x2 c:/nxp/mcuxpressoide_11.0.1_2563/ide/plugins/com.nxp.mcuxpresso.tools.win32_11.0.1.201907311258/tools/bin/../lib/gcc/arm-none-eabi/8.2.1/../../../../arm-none-eabi/lib/thumb/v6-m/nofp\libc_nano.a(lib_a-lock.o)
                0x0000a0a2                __retarget_lock_acquire_recursive
 .text.__retarget_lock_release_recursive
                0x0000a0a4        0x2 c:/nxp/mcuxpressoide_11.0.1_2563/ide/plugins/com.nxp.mcuxpresso.tools.win32_11.0.1.201907311258/tools/bin/../lib/gcc/arm-none-eabi/8.2.1/../../../../arm-none-eabi/lib/thumb/v6-m/nofp\libc_nano.a(lib_a-lock.o)
                0x0000a0a4                __retarget_lock_release_recursive
 *(SORT_BY_ALIGNMENT(.rodata) SORT_BY_ALIGNMENT(.rodata.*) SORT_BY_ALIGNMENT(.constdata) SORT_BY_ALIGNMENT(.constdata.*))
 *fill*         0x0000a0a6        0x2 ff
 .rodata.RegionTable
                0x0000a0a8       0x20 ./source/Profiler/region.o
                0x0000a0a8                RegionTable
 .rodata.NumProfileRegions
                0x0000a0c8        0x4 ./source/Profiler/region.o
                0x0000a0c8                NumProfileRegions
 .rodata.Init_Seq_ST7789
                0x0000a0cc       0x8e ./source/LCD/ST7789.o
                0x0000a0cc                Init_Seq_ST7789
 *fill*         0x0000a15a        0x2 ff
 .rodata.Lucida_Console12x19
                0x0000a15c      0xef7 ./source/LCD/lucida_12x19.o
                0x0000a15c                Lucida_Console12x19
 *fill*         0x0000b053        0x1 ff
 .rodata        0x0000b054       0x1d ./source/main.o
 *fill*         0x0000b071        0x3 ff
 .rodata        0x0000b074       0x60 ./source/sound.o
 .rodata.Read_TS_attr
                0x0000b0d4       0x24 ./source/threads.o
                0x0000b0d4                Read_TS_attr
 .rodata.Read_Accelerometer_attr
                0x0000b0f8       0x24 ./source/threads.o
                0x0000b0f8                Read_Accelerometer_attr
 .rodata.Update_Screen_attr
                0x0000b11c       0x24 ./source/threads.o
                0x0000b11c                Update_Screen_attr
 .rodata.Sound_Manager_attr
                0x0000b140       0x24 ./source/threads.o
                0x0000b140                Sound_Manager_attr
 .rodata.Refill_Sound_Buffer_attr
                0x0000b164       0x24 ./source/threads.o
                0x0000b164                Refill_Sound_Buffer_attr
 .rodata        0x0000b188       0x35 ./source/threads.o
 *fill*         0x0000b1bd        0x3 ff
 .rodata.LCD_mutex_attr
                0x0000b1c0       0x10 ./source/threads.o
                0x0000b1c0                LCD_mutex_attr
 .rodata.osRtxErrorNotify
                0x0000b1d0       0x18 ./CMSIS/RTX5/RTX_Config.o
 .rodata        0x0000b1e8        0xb ./CMSIS/RTX5/rtx_kernel.o
 *fill*         0x0000b1f3        0x1 ff
 .rodata.os_idle_thread_attr
                0x0000b1f4       0x24 ./CMSIS/RTX5/rtx_lib.o
 .rodata.os_timer_thread_attr
                0x0000b218       0x24 ./CMSIS/RTX5/rtx_lib.o
 .rodata.os_timer_mq_attr
                0x0000b23c       0x18 ./CMSIS/RTX5/rtx_lib.o
 .rodata        0x0000b254       0xa0 ./CMSIS/RTX5/rtx_lib.o
                0x0000b254                osRtxConfig
                0x0000b2bc                os_cb_sections
 .rodata.osRtxUserSVC
                0x0000b2f4        0x4 ./CMSIS/RTX5/rtx_lib.o
                0x0000b2f4                osRtxUserSVC
 .rodata.osRtxPendSV_Handler
                0x0000b2f8       0x24 ./CMSIS/RTX5/rtx_system.o
 .rodata        0x0000b31c       0xac c:/nxp/mcuxpressoide_11.0.1_2563/ide/plugins/com.nxp.mcuxpresso.tools.win32_11.0.1.201907311258/tools/bin/../lib/gcc/arm-none-eabi/8.2.1/thumb/v6-m/nofp\libgcc.a(divsf3.o)
 .rodata        0x0000b3c8       0x40 c:/nxp/mcuxpressoide_11.0.1_2563/ide/plugins/com.nxp.mcuxpresso.tools.win32_11.0.1.201907311258/tools/bin/../lib/gcc/arm-none-eabi/8.2.1/thumb/v6-m/nofp\libgcc.a(mulsf3.o)
 .rodata        0x0000b408       0x40 c:/nxp/mcuxpressoide_11.0.1_2563/ide/plugins/com.nxp.mcuxpresso.tools.win32_11.0.1.201907311258/tools/bin/../lib/gcc/arm-none-eabi/8.2.1/thumb/v6-m/nofp\libgcc.a(muldf3.o)
 .rodata.npio2_hw
                0x0000b448       0x80 c:/nxp/mcuxpressoide_11.0.1_2563/ide/plugins/com.nxp.mcuxpresso.tools.win32_11.0.1.201907311258/tools/bin/../lib/gcc/arm-none-eabi/8.2.1/../../../../arm-none-eabi/lib/thumb/v6-m/nofp\libm.a(lib_a-ef_rem_pio2.o)
 .rodata.two_over_pi
                0x0000b4c8      0x318 c:/nxp/mcuxpressoide_11.0.1_2563/ide/plugins/com.nxp.mcuxpresso.tools.win32_11.0.1.201907311258/tools/bin/../lib/gcc/arm-none-eabi/8.2.1/../../../../arm-none-eabi/lib/thumb/v6-m/nofp\libm.a(lib_a-ef_rem_pio2.o)
 .rodata.PIo2   0x0000b7e0       0x2c c:/nxp/mcuxpressoide_11.0.1_2563/ide/plugins/com.nxp.mcuxpresso.tools.win32_11.0.1.201907311258/tools/bin/../lib/gcc/arm-none-eabi/8.2.1/../../../../arm-none-eabi/lib/thumb/v6-m/nofp\libm.a(lib_a-kf_rem_pio2.o)
 .rodata.init_jk
                0x0000b80c        0xc c:/nxp/mcuxpressoide_11.0.1_2563/ide/plugins/com.nxp.mcuxpresso.tools.win32_11.0.1.201907311258/tools/bin/../lib/gcc/arm-none-eabi/8.2.1/../../../../arm-none-eabi/lib/thumb/v6-m/nofp\libm.a(lib_a-kf_rem_pio2.o)
 .rodata._svfprintf_r.str1.1
                0x0000b818       0x11 c:/nxp/mcuxpressoide_11.0.1_2563/ide/plugins/com.nxp.mcuxpresso.tools.win32_11.0.1.201907311258/tools/bin/../lib/gcc/arm-none-eabi/8.2.1/../../../../arm-none-eabi/lib/thumb/v6-m/nofp\libc_nano.a(lib_a-nano-svfprintf.o)
 .rodata._printf_i.str1.1
                0x0000b829       0x22 c:/nxp/mcuxpressoide_11.0.1_2563/ide/plugins/com.nxp.mcuxpresso.tools.win32_11.0.1.201907311258/tools/bin/../lib/gcc/arm-none-eabi/8.2.1/../../../../arm-none-eabi/lib/thumb/v6-m/nofp\libc_nano.a(lib_a-nano-vfprintf_i.o)
                0x0000b84c                . = ALIGN (0x4)
 *fill*         0x0000b84b        0x1 ff

.glue_7         0x0000b84c        0x0
 .glue_7        0x0000b84c        0x0 linker stubs

.glue_7t        0x0000b84c        0x0
 .glue_7t       0x0000b84c        0x0 linker stubs

.vfp11_veneer   0x0000b84c        0x0
 .vfp11_veneer  0x0000b84c        0x0 linker stubs

.v4_bx          0x0000b84c        0x0
 .v4_bx         0x0000b84c        0x0 linker stubs

.iplt           0x0000b84c        0x0
 .iplt          0x0000b84c        0x0 ./startup/startup_mkl25z4.o

.ARM.extab
 *(SORT_BY_ALIGNMENT(.ARM.extab*) SORT_BY_ALIGNMENT(.gnu.linkonce.armextab.*))
                0x0000b84c                __exidx_start = .

.ARM.exidx      0x0000b84c        0x8
 *(SORT_BY_ALIGNMENT(.ARM.exidx*) SORT_BY_ALIGNMENT(.gnu.linkonce.armexidx.*))
 .ARM.exidx     0x0000b84c        0x8 C:\Users\Michael\Documents\MCUXpressoIDE_11.0.1_2563\workspace\MCUXpresso_GNU_Shield_Code\CMSIS\RTX5\libRTX_CM0.a(irq_cm0.o)
                                 0x18 (size before relaxing)
                0x0000b854                __exidx_end = .
                0x0000b854                _etext = .

.rel.dyn        0x0000b854        0x0
 .rel.iplt      0x0000b854        0x0 ./startup/startup_mkl25z4.o

.m_usb_data
 *(SORT_BY_ALIGNMENT(m_usb_bdt))

.mtb_buffer_default
 *(SORT_BY_ALIGNMENT(.mtb*))

.uninit_RESERVED
                0x1ffff000        0x0
                0x1ffff000                . = ALIGN (0x4)
 *(SORT_BY_ALIGNMENT(.bss.$RESERVED*))
                0x1ffff000                . = ALIGN (0x4)
                0x1ffff000                _end_uninit_RESERVED = .

.data           0x1ffff000      0x120 load address 0x0000b854
 FILL mask 0xff
                0x1ffff000                _data = .
 *(SORT_BY_ALIGNMENT(vtable))
 *(SORT_BY_ALIGNMENT(.ramfunc*))
 *(SORT_BY_ALIGNMENT(CodeQuickAccess))
 *(SORT_BY_ALIGNMENT(DataQuickAccess))
 *(SORT_BY_ALIGNMENT(RamFunction))
 *(SORT_BY_ALIGNMENT(.data*))
 .data.LCD_TS_X_Scale
                0x1ffff000        0x4 ./source/LCD/touchscreen.o
                0x1ffff000                LCD_TS_X_Scale
 .data.LCD_TS_X_Offset
                0x1ffff004        0x4 ./source/LCD/touchscreen.o
                0x1ffff004                LCD_TS_X_Offset
 .data.LCD_TS_Y_Scale
                0x1ffff008        0x4 ./source/LCD/touchscreen.o
                0x1ffff008                LCD_TS_Y_Scale
 .data.LCD_TS_Y_Offset
                0x1ffff00c        0x4 ./source/LCD/touchscreen.o
                0x1ffff00c                LCD_TS_Y_Offset
 .data.os       0x1ffff010       0xa4 ./CMSIS/RTX5/rtx_kernel.o
                0x1ffff010                osRtxInfo
 .data.SystemCoreClock
                0x1ffff0b4        0x4 ./CMSIS/system_MKL25Z4.o
                0x1ffff0b4                SystemCoreClock
 .data._impure_ptr
                0x1ffff0b8        0x4 c:/nxp/mcuxpressoide_11.0.1_2563/ide/plugins/com.nxp.mcuxpresso.tools.win32_11.0.1.201907311258/tools/bin/../lib/gcc/arm-none-eabi/8.2.1/../../../../arm-none-eabi/lib/thumb/v6-m/nofp\libc_nano.a(lib_a-impure.o)
                0x1ffff0b8                _impure_ptr
 .data.impure_data
                0x1ffff0bc       0x60 c:/nxp/mcuxpressoide_11.0.1_2563/ide/plugins/com.nxp.mcuxpresso.tools.win32_11.0.1.201907311258/tools/bin/../lib/gcc/arm-none-eabi/8.2.1/../../../../arm-none-eabi/lib/thumb/v6-m/nofp\libc_nano.a(lib_a-impure.o)
 .data.LCD_TS_Calibrated
                0x1ffff11c        0x1 ./source/LCD/touchscreen.o
                0x1ffff11c                LCD_TS_Calibrated
                0x1ffff120                . = ALIGN (0x4)
 *fill*         0x1ffff11d        0x3 ff
                0x1ffff120                _edata = .

.igot.plt       0x1ffff120        0x0 load address 0x0000b974
 .igot.plt      0x1ffff120        0x0 ./startup/startup_mkl25z4.o

.bss            0x1ffff120     0x1c88 load address 0x0000b974
                0x1ffff120                . = ALIGN (0x4)
                0x1ffff120                _bss = .
 *(SORT_BY_ALIGNMENT(.bss*))
 .bss.os        0x1ffff120     0x1040 ./CMSIS/RTX5/rtx_lib.o
 .bss.os.thread.stack
                0x20000160      0x190 ./CMSIS/RTX5/rtx_lib.o
 .bss.adx_lost  0x200002f0        0x4 ./source/Profiler/profile.o
                0x200002f0                adx_lost
 .bss.num_lost  0x200002f4        0x4 ./source/Profiler/profile.o
                0x200002f4                num_lost
 .bss.profile_samples
                0x200002f8        0x4 ./source/Profiler/profile.o
                0x200002f8                profile_samples
 .bss.RegionCount
                0x200002fc        0x4 ./source/Profiler/region.o
                0x200002fc                RegionCount
 .bss.font      0x20000300        0x4 ./source/LCD/LCD_text.o
                0x20000300                font
 .bss.font_header
                0x20000304        0x4 ./source/LCD/LCD_text.o
                0x20000304                font_header
 .bss.glyph_index
                0x20000308        0x4 ./source/LCD/LCD_text.o
                0x20000308                glyph_index
 .bss.fg        0x2000030c        0x3 ./source/LCD/LCD_text.o
                0x2000030c                fg
 *fill*         0x2000030f        0x1 
 .bss.bg        0x20000310        0x3 ./source/LCD/LCD_text.o
                0x20000310                bg
 *fill*         0x20000313        0x1 
 .bss.Reload_DMA_Source
                0x20000314        0x8 ./source/DMA.o
                0x20000314                Reload_DMA_Source
 .bss.Reload_DMA_Byte_Count
                0x2000031c        0x4 ./source/DMA.o
                0x2000031c                Reload_DMA_Byte_Count
 .bss.DMA_Playback_Count
                0x20000320        0x4 ./source/DMA.o
                0x20000320                DMA_Playback_Count
 .bss.lock_detect
                0x20000324        0x4 ./source/I2C.o
                0x20000324                lock_detect
 .bss.i2c_lock  0x20000328        0x4 ./source/I2C.o
                0x20000328                i2c_lock
 .bss.roll      0x2000032c        0x4 ./source/MMA8451.o
                0x2000032c                roll
 .bss.pitch     0x20000330        0x4 ./source/MMA8451.o
                0x20000330                pitch
 .bss.SineTable
                0x20000334       0x80 ./source/sound.o
                0x20000334                SineTable
 .bss.Waveform  0x200003b4      0x800 ./source/sound.o
                0x200003b4                Waveform
 .bss.Voice     0x20000bb4       0xa0 ./source/sound.o
                0x20000bb4                Voice
 .bss.t_Read_TS
                0x20000c54        0x4 ./source/threads.o
                0x20000c54                t_Read_TS
 .bss.t_Read_Accelerometer
                0x20000c58        0x4 ./source/threads.o
                0x20000c58                t_Read_Accelerometer
 .bss.t_Sound_Manager
                0x20000c5c        0x4 ./source/threads.o
                0x20000c5c                t_Sound_Manager
 .bss.t_US      0x20000c60        0x4 ./source/threads.o
                0x20000c60                t_US
 .bss.t_Refill_Sound_Buffer
                0x20000c64        0x4 ./source/threads.o
                0x20000c64                t_Refill_Sound_Buffer
 .bss.LCD_mutex
                0x20000c68        0x4 ./source/threads.o
                0x20000c68                LCD_mutex
 .bss.PC_val    0x20000c6c        0x4 ./source/timers.o
                0x20000c6c                PC_val
 .bss.os.thread.cb
                0x20000c70       0x88 ./CMSIS/RTX5/rtx_lib.o
 .bss.os.msgqueue.cb
                0x20000cf8       0x34 ./CMSIS/RTX5/rtx_lib.o
 .bss.os.msgqueue.mem
                0x20000d2c       0x50 ./CMSIS/RTX5/rtx_lib.o
 .bss.__malloc_free_list
                0x20000d7c        0x4 c:/nxp/mcuxpressoide_11.0.1_2563/ide/plugins/com.nxp.mcuxpresso.tools.win32_11.0.1.201907311258/tools/bin/../lib/gcc/arm-none-eabi/8.2.1/../../../../arm-none-eabi/lib/thumb/v6-m/nofp\libc_nano.a(lib_a-nano-mallocr.o)
                0x20000d7c                __malloc_free_list
 .bss.__malloc_sbrk_start
                0x20000d80        0x4 c:/nxp/mcuxpressoide_11.0.1_2563/ide/plugins/com.nxp.mcuxpresso.tools.win32_11.0.1.201907311258/tools/bin/../lib/gcc/arm-none-eabi/8.2.1/../../../../arm-none-eabi/lib/thumb/v6-m/nofp\libc_nano.a(lib_a-nano-mallocr.o)
                0x20000d80                __malloc_sbrk_start
 .bss.__end_of_heap
                0x20000d84        0x4 c:/nxp/mcuxpressoide_11.0.1_2563/ide/plugins/com.nxp.mcuxpresso.tools.win32_11.0.1.201907311258/tools/bin/../lib/gcc/arm-none-eabi/8.2.1/../../../../arm-none-eabi/lib/thumb/v6-m/nofp\libcr_newlib_nohost.a(_cr_sbrk.o)
                0x20000d84                __end_of_heap
 .bss.xl        0x20000d88        0x2 ./source/LCD/touchscreen.o
 .bss.yu        0x20000d8a        0x2 ./source/LCD/touchscreen.o
 .bss.acc_X     0x20000d8c        0x2 ./source/MMA8451.o
                0x20000d8c                acc_X
 .bss.acc_Y     0x20000d8e        0x2 ./source/MMA8451.o
                0x20000d8e                acc_Y
 .bss.acc_Z     0x20000d90        0x2 ./source/MMA8451.o
                0x20000d90                acc_Z
 .bss.profiling_enabled
                0x20000d92        0x1 ./source/Profiler/profile.o
                0x20000d92                profiling_enabled
 .bss.G_LCD_char_width
                0x20000d93        0x1 ./source/LCD/LCD_text.o
                0x20000d93                G_LCD_char_width
 .bss.G_LCD_char_height
                0x20000d94        0x1 ./source/LCD/LCD_text.o
                0x20000d94                G_LCD_char_height
 .bss.read_buffer_num
                0x20000d95        0x1 ./source/DMA.o
                0x20000d95                read_buffer_num
 .bss.write_buffer_num
                0x20000d96        0x1 ./source/sound.o
                0x20000d96                write_buffer_num
 .bss           0x20000d97        0x1 C:\Users\Michael\Documents\MCUXpressoIDE_11.0.1_2563\workspace\MCUXpresso_GNU_Shield_Code\CMSIS\RTX5\libRTX_CM0.a(os_systick.o)
 *(SORT_BY_ALIGNMENT(COMMON))
 COMMON         0x20000d98        0x4 c:/nxp/mcuxpressoide_11.0.1_2563/ide/plugins/com.nxp.mcuxpresso.tools.win32_11.0.1.201907311258/tools/bin/../lib/gcc/arm-none-eabi/8.2.1/../../../../arm-none-eabi/lib/thumb/v6-m/nofp\libc_nano.a(lib_a-reent.o)
                0x20000d98                errno
 COMMON         0x20000d9c        0x9 c:/nxp/mcuxpressoide_11.0.1_2563/ide/plugins/com.nxp.mcuxpresso.tools.win32_11.0.1.201907311258/tools/bin/../lib/gcc/arm-none-eabi/8.2.1/../../../../arm-none-eabi/lib/thumb/v6-m/nofp\libc_nano.a(lib_a-lock.o)
                0x20000d9c                __lock___atexit_recursive_mutex
                0x20000d9d                __lock___arc4random_mutex
                0x20000d9e                __lock___env_recursive_mutex
                0x20000d9f                __lock___sinit_recursive_mutex
                0x20000da0                __lock___malloc_recursive_mutex
                0x20000da1                __lock___at_quick_exit_mutex
                0x20000da2                __lock___dd_hash_mutex
                0x20000da3                __lock___tz_mutex
                0x20000da4                __lock___sfp_recursive_mutex
                0x20000da8                . = ALIGN (0x4)
 *fill*         0x20000da5        0x3 
                0x20000da8                _ebss = .
                [!provide]                PROVIDE (end = .)

.noinit         0x20000da8        0x0 load address 0x0000b974
                0x20000da8                . = ALIGN (0x4)
                0x20000da8                _noinit = .
 *(SORT_BY_ALIGNMENT(.noinit*))
                0x20000da8                . = ALIGN (0x4)
                0x20000da8                _end_noinit = .
                0x00000400                _HeapSize = 0x400

.heap           0x20000da8      0x400 load address 0x0000b974
                0x20000da8                _pvHeapStart = .
                0x200011a8                . = (. + _HeapSize)
 *fill*         0x20000da8      0x400 
                0x200011a8                . = ALIGN (0x4)
                0x200011a8                _pvHeapLimit = .
                0x00000400                _StackSize = 0x400

.heap2stackfill
                0x200011a8      0x400 load address 0x0000b974
                0x200015a8                . = (. + _StackSize)
 *fill*         0x200011a8      0x400 

.stack          0x20002c00        0x0
                0x20002c00                _vStackBase = .
                0x20002c00                . = ALIGN (0x4)
                0x20003000                _vStackTop = (. + _StackSize)
                0x00000000                _image_start = LOADADDR (.text)
                0x0000b974                _image_end = (LOADADDR (.data) + SIZEOF (.data))
                0x0000b974                _image_size = (_image_end - _image_start)
OUTPUT(MCUXpresso_GNU_Shield_Code.axf elf32-littlearm)

.debug_info     0x00000000    0x21723
 .debug_info    0x00000000      0x4db ./startup/startup_mkl25z4.o
 .debug_info    0x000004db      0xabc ./source/Profiler/profile.o
 .debug_info    0x00000f97      0x11b ./source/Profiler/region.o
 .debug_info    0x000010b2      0x388 ./source/LCD/LCD_graphics.o
 .debug_info    0x0000143a      0x584 ./source/LCD/LCD_text.o
 .debug_info    0x000019be     0x1276 ./source/LCD/ST7789.o
 .debug_info    0x00002c34       0xa9 ./source/LCD/lucida_12x19.o
 .debug_info    0x00002cdd     0x1021 ./source/LCD/touchscreen.o
 .debug_info    0x00003cfe      0x99d ./source/DMA.o
 .debug_info    0x0000469b      0x551 ./source/I2C.o
 .debug_info    0x00004bec      0x3f3 ./source/LEDs.o
 .debug_info    0x00004fdf      0xb93 ./source/MMA8451.o
 .debug_info    0x00005b72      0x3af ./source/debug.o
 .debug_info    0x00005f21       0xf7 ./source/delay.o
 .debug_info    0x00006018      0xdb3 ./source/main.o
 .debug_info    0x00006dcb     0x1164 ./source/sound.o
 .debug_info    0x00007f2f      0xf50 ./source/threads.o
 .debug_info    0x00008e7f      0xa6e ./source/timers.o
 .debug_info    0x000098ed     0x1103 ./CMSIS/RTX5/RTX_Config.o
 .debug_info    0x0000a9f0     0x1b9c ./CMSIS/RTX5/rtx_delay.o
 .debug_info    0x0000c58c     0x26bb ./CMSIS/RTX5/rtx_kernel.o
 .debug_info    0x0000ec47     0x12b9 ./CMSIS/RTX5/rtx_lib.o
 .debug_info    0x0000ff00     0x1b0a ./CMSIS/RTX5/rtx_memory.o
 .debug_info    0x00011a0a     0x2765 ./CMSIS/RTX5/rtx_mempool.o
 .debug_info    0x0001416f     0x2abf ./CMSIS/RTX5/rtx_msgqueue.o
 .debug_info    0x00016c2e     0x2193 ./CMSIS/RTX5/rtx_mutex.o
 .debug_info    0x00018dc1     0x1c74 ./CMSIS/RTX5/rtx_system.o
 .debug_info    0x0001aa35     0x3822 ./CMSIS/RTX5/rtx_thread.o
 .debug_info    0x0001e257     0x226f ./CMSIS/RTX5/rtx_timer.o
 .debug_info    0x000204c6      0x421 ./CMSIS/system_MKL25Z4.o
 .debug_info    0x000208e7       0x26 C:\Users\Michael\Documents\MCUXpressoIDE_11.0.1_2563\workspace\MCUXpresso_GNU_Shield_Code\CMSIS\RTX5\libRTX_CM0.a(irq_cm0.o)
 .debug_info    0x0002090d      0x3ad C:\Users\Michael\Documents\MCUXpressoIDE_11.0.1_2563\workspace\MCUXpresso_GNU_Shield_Code\CMSIS\RTX5\libRTX_CM0.a(os_systick.o)
 .debug_info    0x00020cba      0x9f8 c:/nxp/mcuxpressoide_11.0.1_2563/ide/plugins/com.nxp.mcuxpresso.tools.win32_11.0.1.201907311258/tools/bin/../lib/gcc/arm-none-eabi/8.2.1/../../../../arm-none-eabi/lib/thumb/v6-m/nofp\libcr_newlib_nohost.a(_cr_sbrk.o)
 .debug_info    0x000216b2       0x71 c:/nxp/mcuxpressoide_11.0.1_2563/ide/plugins/com.nxp.mcuxpresso.tools.win32_11.0.1.201907311258/tools/bin/../lib/gcc/arm-none-eabi/8.2.1/../../../../arm-none-eabi/lib/thumb/v6-m/nofp\libcr_newlib_nohost.a(_cr_check_heap.o)

.debug_abbrev   0x00000000     0x4b3a
 .debug_abbrev  0x00000000      0x18a ./startup/startup_mkl25z4.o
 .debug_abbrev  0x0000018a      0x246 ./source/Profiler/profile.o
 .debug_abbrev  0x000003d0       0xa2 ./source/Profiler/region.o
 .debug_abbrev  0x00000472      0x145 ./source/LCD/LCD_graphics.o
 .debug_abbrev  0x000005b7      0x1ed ./source/LCD/LCD_text.o
 .debug_abbrev  0x000007a4      0x35b ./source/LCD/ST7789.o
 .debug_abbrev  0x00000aff       0x61 ./source/LCD/lucida_12x19.o
 .debug_abbrev  0x00000b60      0x29e ./source/LCD/touchscreen.o
 .debug_abbrev  0x00000dfe      0x213 ./source/DMA.o
 .debug_abbrev  0x00001011      0x189 ./source/I2C.o
 .debug_abbrev  0x0000119a      0x11c ./source/LEDs.o
 .debug_abbrev  0x000012b6      0x2ac ./source/MMA8451.o
 .debug_abbrev  0x00001562       0xef ./source/debug.o
 .debug_abbrev  0x00001651       0xab ./source/delay.o
 .debug_abbrev  0x000016fc      0x247 ./source/main.o
 .debug_abbrev  0x00001943      0x30f ./source/sound.o
 .debug_abbrev  0x00001c52      0x27a ./source/threads.o
 .debug_abbrev  0x00001ecc      0x259 ./source/timers.o
 .debug_abbrev  0x00002125      0x1a2 ./CMSIS/RTX5/RTX_Config.o
 .debug_abbrev  0x000022c7      0x2e5 ./CMSIS/RTX5/rtx_delay.o
 .debug_abbrev  0x000025ac      0x4e8 ./CMSIS/RTX5/rtx_kernel.o
 .debug_abbrev  0x00002a94      0x1a3 ./CMSIS/RTX5/rtx_lib.o
 .debug_abbrev  0x00002c37      0x293 ./CMSIS/RTX5/rtx_memory.o
 .debug_abbrev  0x00002eca      0x3ff ./CMSIS/RTX5/rtx_mempool.o
 .debug_abbrev  0x000032c9      0x400 ./CMSIS/RTX5/rtx_msgqueue.o
 .debug_abbrev  0x000036c9      0x38e ./CMSIS/RTX5/rtx_mutex.o
 .debug_abbrev  0x00003a57      0x31f ./CMSIS/RTX5/rtx_system.o
 .debug_abbrev  0x00003d76      0x497 ./CMSIS/RTX5/rtx_thread.o
 .debug_abbrev  0x0000420d      0x3ab ./CMSIS/RTX5/rtx_timer.o
 .debug_abbrev  0x000045b8      0x12b ./CMSIS/system_MKL25Z4.o
 .debug_abbrev  0x000046e3       0x14 C:\Users\Michael\Documents\MCUXpressoIDE_11.0.1_2563\workspace\MCUXpresso_GNU_Shield_Code\CMSIS\RTX5\libRTX_CM0.a(irq_cm0.o)
 .debug_abbrev  0x000046f7      0x18e C:\Users\Michael\Documents\MCUXpressoIDE_11.0.1_2563\workspace\MCUXpresso_GNU_Shield_Code\CMSIS\RTX5\libRTX_CM0.a(os_systick.o)
 .debug_abbrev  0x00004885      0x24a c:/nxp/mcuxpressoide_11.0.1_2563/ide/plugins/com.nxp.mcuxpresso.tools.win32_11.0.1.201907311258/tools/bin/../lib/gcc/arm-none-eabi/8.2.1/../../../../arm-none-eabi/lib/thumb/v6-m/nofp\libcr_newlib_nohost.a(_cr_sbrk.o)
 .debug_abbrev  0x00004acf       0x6b c:/nxp/mcuxpressoide_11.0.1_2563/ide/plugins/com.nxp.mcuxpresso.tools.win32_11.0.1.201907311258/tools/bin/../lib/gcc/arm-none-eabi/8.2.1/../../../../arm-none-eabi/lib/thumb/v6-m/nofp\libcr_newlib_nohost.a(_cr_check_heap.o)

.debug_aranges  0x00000000      0xf60
 .debug_aranges
                0x00000000      0x160 ./startup/startup_mkl25z4.o
 .debug_aranges
                0x00000160       0x40 ./source/Profiler/profile.o
 .debug_aranges
                0x000001a0       0x18 ./source/Profiler/region.o
 .debug_aranges
                0x000001b8       0x30 ./source/LCD/LCD_graphics.o
 .debug_aranges
                0x000001e8       0x60 ./source/LCD/LCD_text.o
 .debug_aranges
                0x00000248       0x90 ./source/LCD/ST7789.o
 .debug_aranges
                0x000002d8       0x18 ./source/LCD/lucida_12x19.o
 .debug_aranges
                0x000002f0       0x40 ./source/LCD/touchscreen.o
 .debug_aranges
                0x00000330       0x50 ./source/DMA.o
 .debug_aranges
                0x00000380       0x58 ./source/I2C.o
 .debug_aranges
                0x000003d8       0x28 ./source/LEDs.o
 .debug_aranges
                0x00000400       0x48 ./source/MMA8451.o
 .debug_aranges
                0x00000448       0x20 ./source/debug.o
 .debug_aranges
                0x00000468       0x28 ./source/delay.o
 .debug_aranges
                0x00000490       0x28 ./source/main.o
 .debug_aranges
                0x000004b8       0x80 ./source/sound.o
 .debug_aranges
                0x00000538       0x38 ./source/threads.o
 .debug_aranges
                0x00000570       0x80 ./source/timers.o
 .debug_aranges
                0x000005f0       0x28 ./CMSIS/RTX5/RTX_Config.o
 .debug_aranges
                0x00000618       0x48 ./CMSIS/RTX5/rtx_delay.o
 .debug_aranges
                0x00000660      0x140 ./CMSIS/RTX5/rtx_kernel.o
 .debug_aranges
                0x000007a0       0x20 ./CMSIS/RTX5/rtx_lib.o
 .debug_aranges
                0x000007c0       0x40 ./CMSIS/RTX5/rtx_memory.o
 .debug_aranges
                0x00000800      0x100 ./CMSIS/RTX5/rtx_mempool.o
 .debug_aranges
                0x00000900      0x110 ./CMSIS/RTX5/rtx_msgqueue.o
 .debug_aranges
                0x00000a10       0xa8 ./CMSIS/RTX5/rtx_mutex.o
 .debug_aranges
                0x00000ab8       0x80 ./CMSIS/RTX5/rtx_system.o
 .debug_aranges
                0x00000b38      0x280 ./CMSIS/RTX5/rtx_thread.o
 .debug_aranges
                0x00000db8       0xc0 ./CMSIS/RTX5/rtx_timer.o
 .debug_aranges
                0x00000e78       0x28 ./CMSIS/system_MKL25Z4.o
 .debug_aranges
                0x00000ea0       0x20 C:\Users\Michael\Documents\MCUXpressoIDE_11.0.1_2563\workspace\MCUXpresso_GNU_Shield_Code\CMSIS\RTX5\libRTX_CM0.a(irq_cm0.o)
 .debug_aranges
                0x00000ec0       0x60 C:\Users\Michael\Documents\MCUXpressoIDE_11.0.1_2563\workspace\MCUXpresso_GNU_Shield_Code\CMSIS\RTX5\libRTX_CM0.a(os_systick.o)
 .debug_aranges
                0x00000f20       0x20 c:/nxp/mcuxpressoide_11.0.1_2563/ide/plugins/com.nxp.mcuxpresso.tools.win32_11.0.1.201907311258/tools/bin/../lib/gcc/arm-none-eabi/8.2.1/../../../../arm-none-eabi/lib/thumb/v6-m/nofp\libcr_newlib_nohost.a(_cr_sbrk.o)
 .debug_aranges
                0x00000f40       0x20 c:/nxp/mcuxpressoide_11.0.1_2563/ide/plugins/com.nxp.mcuxpresso.tools.win32_11.0.1.201907311258/tools/bin/../lib/gcc/arm-none-eabi/8.2.1/../../../../arm-none-eabi/lib/thumb/v6-m/nofp\libcr_newlib_nohost.a(_cr_check_heap.o)

.debug_ranges   0x00000000      0xd20
 .debug_ranges  0x00000000      0x150 ./startup/startup_mkl25z4.o
 .debug_ranges  0x00000150       0x30 ./source/Profiler/profile.o
 .debug_ranges  0x00000180       0x20 ./source/LCD/LCD_graphics.o
 .debug_ranges  0x000001a0       0x50 ./source/LCD/LCD_text.o
 .debug_ranges  0x000001f0       0x80 ./source/LCD/ST7789.o
 .debug_ranges  0x00000270       0x30 ./source/LCD/touchscreen.o
 .debug_ranges  0x000002a0       0x40 ./source/DMA.o
 .debug_ranges  0x000002e0       0x48 ./source/I2C.o
 .debug_ranges  0x00000328       0x18 ./source/LEDs.o
 .debug_ranges  0x00000340       0x38 ./source/MMA8451.o
 .debug_ranges  0x00000378       0x10 ./source/debug.o
 .debug_ranges  0x00000388       0x18 ./source/delay.o
 .debug_ranges  0x000003a0       0x18 ./source/main.o
 .debug_ranges  0x000003b8       0x70 ./source/sound.o
 .debug_ranges  0x00000428       0x28 ./source/threads.o
 .debug_ranges  0x00000450       0x70 ./source/timers.o
 .debug_ranges  0x000004c0       0x18 ./CMSIS/RTX5/RTX_Config.o
 .debug_ranges  0x000004d8       0x38 ./CMSIS/RTX5/rtx_delay.o
 .debug_ranges  0x00000510      0x130 ./CMSIS/RTX5/rtx_kernel.o
 .debug_ranges  0x00000640       0x10 ./CMSIS/RTX5/rtx_lib.o
 .debug_ranges  0x00000650       0x30 ./CMSIS/RTX5/rtx_memory.o
 .debug_ranges  0x00000680       0xf0 ./CMSIS/RTX5/rtx_mempool.o
 .debug_ranges  0x00000770      0x100 ./CMSIS/RTX5/rtx_msgqueue.o
 .debug_ranges  0x00000870       0x98 ./CMSIS/RTX5/rtx_mutex.o
 .debug_ranges  0x00000908       0x70 ./CMSIS/RTX5/rtx_system.o
 .debug_ranges  0x00000978      0x270 ./CMSIS/RTX5/rtx_thread.o
 .debug_ranges  0x00000be8       0xb0 ./CMSIS/RTX5/rtx_timer.o
 .debug_ranges  0x00000c98       0x18 ./CMSIS/system_MKL25Z4.o
 .debug_ranges  0x00000cb0       0x50 C:\Users\Michael\Documents\MCUXpressoIDE_11.0.1_2563\workspace\MCUXpresso_GNU_Shield_Code\CMSIS\RTX5\libRTX_CM0.a(os_systick.o)
 .debug_ranges  0x00000d00       0x10 c:/nxp/mcuxpressoide_11.0.1_2563/ide/plugins/com.nxp.mcuxpresso.tools.win32_11.0.1.201907311258/tools/bin/../lib/gcc/arm-none-eabi/8.2.1/../../../../arm-none-eabi/lib/thumb/v6-m/nofp\libcr_newlib_nohost.a(_cr_sbrk.o)
 .debug_ranges  0x00000d10       0x10 c:/nxp/mcuxpressoide_11.0.1_2563/ide/plugins/com.nxp.mcuxpresso.tools.win32_11.0.1.201907311258/tools/bin/../lib/gcc/arm-none-eabi/8.2.1/../../../../arm-none-eabi/lib/thumb/v6-m/nofp\libcr_newlib_nohost.a(_cr_check_heap.o)

.debug_line     0x00000000     0xa58a
 .debug_line    0x00000000      0x1e7 ./startup/startup_mkl25z4.o
 .debug_line    0x000001e7      0x34a ./source/Profiler/profile.o
 .debug_line    0x00000531       0x48 ./source/Profiler/region.o
 .debug_line    0x00000579      0x71b ./source/LCD/LCD_graphics.o
 .debug_line    0x00000c94      0x4d9 ./source/LCD/LCD_text.o
 .debug_line    0x0000116d      0x612 ./source/LCD/ST7789.o
 .debug_line    0x0000177f      0x162 ./source/LCD/lucida_12x19.o
 .debug_line    0x000018e1      0x505 ./source/LCD/touchscreen.o
 .debug_line    0x00001de6      0x350 ./source/DMA.o
 .debug_line    0x00002136      0x330 ./source/I2C.o
 .debug_line    0x00002466      0x1e8 ./source/LEDs.o
 .debug_line    0x0000264e      0x4a4 ./source/MMA8451.o
 .debug_line    0x00002af2      0x1af ./source/debug.o
 .debug_line    0x00002ca1      0x1d3 ./source/delay.o
 .debug_line    0x00002e74      0x391 ./source/main.o
 .debug_line    0x00003205      0x753 ./source/sound.o
 .debug_line    0x00003958      0x445 ./source/threads.o
 .debug_line    0x00003d9d      0x439 ./source/timers.o
 .debug_line    0x000041d6      0x1e4 ./CMSIS/RTX5/RTX_Config.o
 .debug_line    0x000043ba      0x385 ./CMSIS/RTX5/rtx_delay.o
 .debug_line    0x0000473f      0xb9e ./CMSIS/RTX5/rtx_kernel.o
 .debug_line    0x000052dd      0x190 ./CMSIS/RTX5/rtx_lib.o
 .debug_line    0x0000546d      0x402 ./CMSIS/RTX5/rtx_memory.o
 .debug_line    0x0000586f      0x9f3 ./CMSIS/RTX5/rtx_mempool.o
 .debug_line    0x00006262      0xcec ./CMSIS/RTX5/rtx_msgqueue.o
 .debug_line    0x00006f4e      0x817 ./CMSIS/RTX5/rtx_mutex.o
 .debug_line    0x00007765      0x553 ./CMSIS/RTX5/rtx_system.o
 .debug_line    0x00007cb8     0x180f ./CMSIS/RTX5/rtx_thread.o
 .debug_line    0x000094c7      0x786 ./CMSIS/RTX5/rtx_timer.o
 .debug_line    0x00009c4d      0x2c0 ./CMSIS/system_MKL25Z4.o
 .debug_line    0x00009f0d       0x9f C:\Users\Michael\Documents\MCUXpressoIDE_11.0.1_2563\workspace\MCUXpresso_GNU_Shield_Code\CMSIS\RTX5\libRTX_CM0.a(irq_cm0.o)
 .debug_line    0x00009fac      0x380 C:\Users\Michael\Documents\MCUXpressoIDE_11.0.1_2563\workspace\MCUXpresso_GNU_Shield_Code\CMSIS\RTX5\libRTX_CM0.a(os_systick.o)
 .debug_line    0x0000a32c      0x1f4 c:/nxp/mcuxpressoide_11.0.1_2563/ide/plugins/com.nxp.mcuxpresso.tools.win32_11.0.1.201907311258/tools/bin/../lib/gcc/arm-none-eabi/8.2.1/../../../../arm-none-eabi/lib/thumb/v6-m/nofp\libcr_newlib_nohost.a(_cr_sbrk.o)
 .debug_line    0x0000a520       0x6a c:/nxp/mcuxpressoide_11.0.1_2563/ide/plugins/com.nxp.mcuxpresso.tools.win32_11.0.1.201907311258/tools/bin/../lib/gcc/arm-none-eabi/8.2.1/../../../../arm-none-eabi/lib/thumb/v6-m/nofp\libcr_newlib_nohost.a(_cr_check_heap.o)

.debug_str      0x00000000     0x45f0
 .debug_str     0x00000000      0x4e7 ./startup/startup_mkl25z4.o
                                0x509 (size before relaxing)
 .debug_str     0x000004e7      0x4f7 ./source/Profiler/profile.o
                                0x6e9 (size before relaxing)
 .debug_str     0x000009de       0x1c ./source/Profiler/region.o
                                0x1dc (size before relaxing)
 .debug_str     0x000009fa      0x113 ./source/LCD/LCD_graphics.o
                                0x31b (size before relaxing)
 .debug_str     0x00000b0d      0x1f8 ./source/LCD/LCD_text.o
                                0x45f (size before relaxing)
 .debug_str     0x00000d05      0x2ee ./source/LCD/ST7789.o
                                0x990 (size before relaxing)
 .debug_str     0x00000ff3       0x1d ./source/LCD/lucida_12x19.o
                                0x229 (size before relaxing)
 .debug_str     0x00001010      0x121 ./source/LCD/touchscreen.o
                                0x8bd (size before relaxing)
 .debug_str     0x00001131      0x3ec ./source/DMA.o
                                0x742 (size before relaxing)
 .debug_str     0x0000151d       0xae ./source/I2C.o
                                0x3c0 (size before relaxing)
 .debug_str     0x000015cb       0x48 ./source/LEDs.o
                                0x37d (size before relaxing)
 .debug_str     0x00001613      0x11b ./source/MMA8451.o
                                0x739 (size before relaxing)
 .debug_str     0x0000172e       0x25 ./source/debug.o
                                0x35a (size before relaxing)
 .debug_str     0x00001753       0x1d ./source/delay.o
                                0x22d (size before relaxing)
 .debug_str     0x00001770       0x21 ./source/main.o
                                0x899 (size before relaxing)
 .debug_str     0x00001791      0x18b ./source/sound.o
                                0x9cf (size before relaxing)
 .debug_str     0x0000191c      0x550 ./source/threads.o
                                0xc96 (size before relaxing)
 .debug_str     0x00001e6c       0xfd ./source/timers.o
                                0x763 (size before relaxing)
 .debug_str     0x00001f69      0x515 ./CMSIS/RTX5/RTX_Config.o
                                0xc90 (size before relaxing)
 .debug_str     0x0000247e      0x199 ./CMSIS/RTX5/rtx_delay.o
                               0x1196 (size before relaxing)
 .debug_str     0x00002617      0x48d ./CMSIS/RTX5/rtx_kernel.o
                               0x158a (size before relaxing)
 .debug_str     0x00002aa4      0x265 ./CMSIS/RTX5/rtx_lib.o
                                0xe72 (size before relaxing)
 .debug_str     0x00002d09       0xa2 ./CMSIS/RTX5/rtx_memory.o
                               0x10b9 (size before relaxing)
 .debug_str     0x00002dab      0x3c2 ./CMSIS/RTX5/rtx_mempool.o
                               0x151a (size before relaxing)
 .debug_str     0x0000316d      0x3a3 ./CMSIS/RTX5/rtx_msgqueue.o
                               0x155c (size before relaxing)
 .debug_str     0x00003510      0x192 ./CMSIS/RTX5/rtx_mutex.o
                               0x1310 (size before relaxing)
 .debug_str     0x000036a2       0xe8 ./CMSIS/RTX5/rtx_system.o
                               0x11d1 (size before relaxing)
 .debug_str     0x0000378a      0x786 ./CMSIS/RTX5/rtx_thread.o
                               0x19f3 (size before relaxing)
 .debug_str     0x00003f10      0x1e3 ./CMSIS/RTX5/rtx_timer.o
                               0x12e6 (size before relaxing)
 .debug_str     0x000040f3       0x64 ./CMSIS/system_MKL25Z4.o
                                0x36a (size before relaxing)
 .debug_str     0x00004157       0x69 C:\Users\Michael\Documents\MCUXpressoIDE_11.0.1_2563\workspace\MCUXpresso_GNU_Shield_Code\CMSIS\RTX5\libRTX_CM0.a(irq_cm0.o)
 .debug_str     0x000041c0      0x23a C:\Users\Michael\Documents\MCUXpressoIDE_11.0.1_2563\workspace\MCUXpresso_GNU_Shield_Code\CMSIS\RTX5\libRTX_CM0.a(os_systick.o)
                                0x3d2 (size before relaxing)
 .debug_str     0x000043fa      0x1d1 c:/nxp/mcuxpressoide_11.0.1_2563/ide/plugins/com.nxp.mcuxpresso.tools.win32_11.0.1.201907311258/tools/bin/../lib/gcc/arm-none-eabi/8.2.1/../../../../arm-none-eabi/lib/thumb/v6-m/nofp\libcr_newlib_nohost.a(_cr_sbrk.o)
                                0x636 (size before relaxing)
 .debug_str     0x000045cb       0x25 c:/nxp/mcuxpressoide_11.0.1_2563/ide/plugins/com.nxp.mcuxpresso.tools.win32_11.0.1.201907311258/tools/bin/../lib/gcc/arm-none-eabi/8.2.1/../../../../arm-none-eabi/lib/thumb/v6-m/nofp\libcr_newlib_nohost.a(_cr_check_heap.o)
                                0x18e (size before relaxing)

.comment        0x00000000       0x75
 .comment       0x00000000       0x75 ./startup/startup_mkl25z4.o
                                 0x76 (size before relaxing)
 .comment       0x00000075       0x76 ./source/Profiler/profile.o
 .comment       0x00000075       0x76 ./source/Profiler/region.o
 .comment       0x00000075       0x76 ./source/LCD/LCD_graphics.o
 .comment       0x00000075       0x76 ./source/LCD/LCD_text.o
 .comment       0x00000075       0x76 ./source/LCD/ST7789.o
 .comment       0x00000075       0x76 ./source/LCD/lucida_12x19.o
 .comment       0x00000075       0x76 ./source/LCD/touchscreen.o
 .comment       0x00000075       0x76 ./source/DMA.o
 .comment       0x00000075       0x76 ./source/I2C.o
 .comment       0x00000075       0x76 ./source/LEDs.o
 .comment       0x00000075       0x76 ./source/MMA8451.o
 .comment       0x00000075       0x76 ./source/debug.o
 .comment       0x00000075       0x76 ./source/delay.o
 .comment       0x00000075       0x76 ./source/main.o
 .comment       0x00000075       0x76 ./source/sound.o
 .comment       0x00000075       0x76 ./source/threads.o
 .comment       0x00000075       0x76 ./source/timers.o
 .comment       0x00000075       0x76 ./CMSIS/RTX5/RTX_Config.o
 .comment       0x00000075       0x76 ./CMSIS/RTX5/rtx_delay.o
 .comment       0x00000075       0x76 ./CMSIS/RTX5/rtx_kernel.o
 .comment       0x00000075       0x76 ./CMSIS/RTX5/rtx_lib.o
 .comment       0x00000075       0x76 ./CMSIS/RTX5/rtx_memory.o
 .comment       0x00000075       0x76 ./CMSIS/RTX5/rtx_mempool.o
 .comment       0x00000075       0x76 ./CMSIS/RTX5/rtx_msgqueue.o
 .comment       0x00000075       0x76 ./CMSIS/RTX5/rtx_mutex.o
 .comment       0x00000075       0x76 ./CMSIS/RTX5/rtx_system.o
 .comment       0x00000075       0x76 ./CMSIS/RTX5/rtx_thread.o
 .comment       0x00000075       0x76 ./CMSIS/RTX5/rtx_timer.o
 .comment       0x00000075       0x76 ./CMSIS/system_MKL25Z4.o
 .comment       0x00000075       0x76 C:\Users\Michael\Documents\MCUXpressoIDE_11.0.1_2563\workspace\MCUXpresso_GNU_Shield_Code\CMSIS\RTX5\libRTX_CM0.a(os_systick.o)
 .comment       0x00000075       0x76 c:/nxp/mcuxpressoide_11.0.1_2563/ide/plugins/com.nxp.mcuxpresso.tools.win32_11.0.1.201907311258/tools/bin/../lib/gcc/arm-none-eabi/8.2.1/../../../../arm-none-eabi/lib/thumb/v6-m/nofp\libcr_newlib_nohost.a(_cr_sbrk.o)
 .comment       0x00000075       0x76 c:/nxp/mcuxpressoide_11.0.1_2563/ide/plugins/com.nxp.mcuxpresso.tools.win32_11.0.1.201907311258/tools/bin/../lib/gcc/arm-none-eabi/8.2.1/../../../../arm-none-eabi/lib/thumb/v6-m/nofp\libcr_newlib_nohost.a(_cr_check_heap.o)

.ARM.attributes
                0x00000000       0x2a
 .ARM.attributes
                0x00000000       0x2c ./startup/startup_mkl25z4.o
 .ARM.attributes
                0x0000002c       0x2c ./source/Profiler/profile.o
 .ARM.attributes
                0x00000058       0x32 ./source/Profiler/region.o
 .ARM.attributes
                0x0000008a       0x2c ./source/LCD/LCD_graphics.o
 .ARM.attributes
                0x000000b6       0x2c ./source/LCD/LCD_text.o
 .ARM.attributes
                0x000000e2       0x2c ./source/LCD/ST7789.o
 .ARM.attributes
                0x0000010e       0x32 ./source/LCD/lucida_12x19.o
 .ARM.attributes
                0x00000140       0x2c ./source/LCD/touchscreen.o
 .ARM.attributes
                0x0000016c       0x2c ./source/DMA.o
 .ARM.attributes
                0x00000198       0x2c ./source/I2C.o
 .ARM.attributes
                0x000001c4       0x2c ./source/LEDs.o
 .ARM.attributes
                0x000001f0       0x2c ./source/MMA8451.o
 .ARM.attributes
                0x0000021c       0x2c ./source/debug.o
 .ARM.attributes
                0x00000248       0x2c ./source/delay.o
 .ARM.attributes
                0x00000274       0x2c ./source/main.o
 .ARM.attributes
                0x000002a0       0x2c ./source/sound.o
 .ARM.attributes
                0x000002cc       0x2c ./source/threads.o
 .ARM.attributes
                0x000002f8       0x2c ./source/timers.o
 .ARM.attributes
                0x00000324       0x2c ./CMSIS/RTX5/RTX_Config.o
 .ARM.attributes
                0x00000350       0x2c ./CMSIS/RTX5/rtx_delay.o
 .ARM.attributes
                0x0000037c       0x2c ./CMSIS/RTX5/rtx_kernel.o
 .ARM.attributes
                0x000003a8       0x2c ./CMSIS/RTX5/rtx_lib.o
 .ARM.attributes
                0x000003d4       0x2c ./CMSIS/RTX5/rtx_memory.o
 .ARM.attributes
                0x00000400       0x2c ./CMSIS/RTX5/rtx_mempool.o
 .ARM.attributes
                0x0000042c       0x2c ./CMSIS/RTX5/rtx_msgqueue.o
 .ARM.attributes
                0x00000458       0x2c ./CMSIS/RTX5/rtx_mutex.o
 .ARM.attributes
                0x00000484       0x2c ./CMSIS/RTX5/rtx_system.o
 .ARM.attributes
                0x000004b0       0x2c ./CMSIS/RTX5/rtx_thread.o
 .ARM.attributes
                0x000004dc       0x2c ./CMSIS/RTX5/rtx_timer.o
 .ARM.attributes
                0x00000508       0x2c ./CMSIS/system_MKL25Z4.o
 .ARM.attributes
                0x00000534       0x21 C:\Users\Michael\Documents\MCUXpressoIDE_11.0.1_2563\workspace\MCUXpresso_GNU_Shield_Code\CMSIS\RTX5\libRTX_CM0.a(irq_cm0.o)
 .ARM.attributes
                0x00000555       0x2c C:\Users\Michael\Documents\MCUXpressoIDE_11.0.1_2563\workspace\MCUXpresso_GNU_Shield_Code\CMSIS\RTX5\libRTX_CM0.a(os_systick.o)
 .ARM.attributes
                0x00000581       0x1e c:/nxp/mcuxpressoide_11.0.1_2563/ide/plugins/com.nxp.mcuxpresso.tools.win32_11.0.1.201907311258/tools/bin/../lib/gcc/arm-none-eabi/8.2.1/thumb/v6-m/nofp\libgcc.a(_udivsi3.o)
 .ARM.attributes
                0x0000059f       0x1e c:/nxp/mcuxpressoide_11.0.1_2563/ide/plugins/com.nxp.mcuxpresso.tools.win32_11.0.1.201907311258/tools/bin/../lib/gcc/arm-none-eabi/8.2.1/thumb/v6-m/nofp\libgcc.a(_divsi3.o)
 .ARM.attributes
                0x000005bd       0x1e c:/nxp/mcuxpressoide_11.0.1_2563/ide/plugins/com.nxp.mcuxpresso.tools.win32_11.0.1.201907311258/tools/bin/../lib/gcc/arm-none-eabi/8.2.1/thumb/v6-m/nofp\libgcc.a(_dvmd_tls.o)
 .ARM.attributes
                0x000005db       0x1e c:/nxp/mcuxpressoide_11.0.1_2563/ide/plugins/com.nxp.mcuxpresso.tools.win32_11.0.1.201907311258/tools/bin/../lib/gcc/arm-none-eabi/8.2.1/thumb/v6-m/nofp\libgcc.a(_arm_cmpsf2.o)
 .ARM.attributes
                0x000005f9       0x1e c:/nxp/mcuxpressoide_11.0.1_2563/ide/plugins/com.nxp.mcuxpresso.tools.win32_11.0.1.201907311258/tools/bin/../lib/gcc/arm-none-eabi/8.2.1/thumb/v6-m/nofp\libgcc.a(_clzsi2.o)
 .ARM.attributes
                0x00000617       0x2c c:/nxp/mcuxpressoide_11.0.1_2563/ide/plugins/com.nxp.mcuxpresso.tools.win32_11.0.1.201907311258/tools/bin/../lib/gcc/arm-none-eabi/8.2.1/thumb/v6-m/nofp\libgcc.a(_fixunssfsi.o)
 .ARM.attributes
                0x00000643       0x2c c:/nxp/mcuxpressoide_11.0.1_2563/ide/plugins/com.nxp.mcuxpresso.tools.win32_11.0.1.201907311258/tools/bin/../lib/gcc/arm-none-eabi/8.2.1/thumb/v6-m/nofp\libgcc.a(addsf3.o)
 .ARM.attributes
                0x0000066f       0x2c c:/nxp/mcuxpressoide_11.0.1_2563/ide/plugins/com.nxp.mcuxpresso.tools.win32_11.0.1.201907311258/tools/bin/../lib/gcc/arm-none-eabi/8.2.1/thumb/v6-m/nofp\libgcc.a(divsf3.o)
 .ARM.attributes
                0x0000069b       0x2c c:/nxp/mcuxpressoide_11.0.1_2563/ide/plugins/com.nxp.mcuxpresso.tools.win32_11.0.1.201907311258/tools/bin/../lib/gcc/arm-none-eabi/8.2.1/thumb/v6-m/nofp\libgcc.a(eqsf2.o)
 .ARM.attributes
                0x000006c7       0x2c c:/nxp/mcuxpressoide_11.0.1_2563/ide/plugins/com.nxp.mcuxpresso.tools.win32_11.0.1.201907311258/tools/bin/../lib/gcc/arm-none-eabi/8.2.1/thumb/v6-m/nofp\libgcc.a(gesf2.o)
 .ARM.attributes
                0x000006f3       0x2c c:/nxp/mcuxpressoide_11.0.1_2563/ide/plugins/com.nxp.mcuxpresso.tools.win32_11.0.1.201907311258/tools/bin/../lib/gcc/arm-none-eabi/8.2.1/thumb/v6-m/nofp\libgcc.a(lesf2.o)
 .ARM.attributes
                0x0000071f       0x2c c:/nxp/mcuxpressoide_11.0.1_2563/ide/plugins/com.nxp.mcuxpresso.tools.win32_11.0.1.201907311258/tools/bin/../lib/gcc/arm-none-eabi/8.2.1/thumb/v6-m/nofp\libgcc.a(mulsf3.o)
 .ARM.attributes
                0x0000074b       0x2c c:/nxp/mcuxpressoide_11.0.1_2563/ide/plugins/com.nxp.mcuxpresso.tools.win32_11.0.1.201907311258/tools/bin/../lib/gcc/arm-none-eabi/8.2.1/thumb/v6-m/nofp\libgcc.a(subsf3.o)
 .ARM.attributes
                0x00000777       0x2c c:/nxp/mcuxpressoide_11.0.1_2563/ide/plugins/com.nxp.mcuxpresso.tools.win32_11.0.1.201907311258/tools/bin/../lib/gcc/arm-none-eabi/8.2.1/thumb/v6-m/nofp\libgcc.a(fixsfsi.o)
 .ARM.attributes
                0x000007a3       0x2c c:/nxp/mcuxpressoide_11.0.1_2563/ide/plugins/com.nxp.mcuxpresso.tools.win32_11.0.1.201907311258/tools/bin/../lib/gcc/arm-none-eabi/8.2.1/thumb/v6-m/nofp\libgcc.a(floatsisf.o)
 .ARM.attributes
                0x000007cf       0x2c c:/nxp/mcuxpressoide_11.0.1_2563/ide/plugins/com.nxp.mcuxpresso.tools.win32_11.0.1.201907311258/tools/bin/../lib/gcc/arm-none-eabi/8.2.1/thumb/v6-m/nofp\libgcc.a(adddf3.o)
 .ARM.attributes
                0x000007fb       0x2c c:/nxp/mcuxpressoide_11.0.1_2563/ide/plugins/com.nxp.mcuxpresso.tools.win32_11.0.1.201907311258/tools/bin/../lib/gcc/arm-none-eabi/8.2.1/thumb/v6-m/nofp\libgcc.a(muldf3.o)
 .ARM.attributes
                0x00000827       0x2c c:/nxp/mcuxpressoide_11.0.1_2563/ide/plugins/com.nxp.mcuxpresso.tools.win32_11.0.1.201907311258/tools/bin/../lib/gcc/arm-none-eabi/8.2.1/thumb/v6-m/nofp\libgcc.a(subdf3.o)
 .ARM.attributes
                0x00000853       0x2c c:/nxp/mcuxpressoide_11.0.1_2563/ide/plugins/com.nxp.mcuxpresso.tools.win32_11.0.1.201907311258/tools/bin/../lib/gcc/arm-none-eabi/8.2.1/thumb/v6-m/nofp\libgcc.a(floatunsidf.o)
 .ARM.attributes
                0x0000087f       0x2c c:/nxp/mcuxpressoide_11.0.1_2563/ide/plugins/com.nxp.mcuxpresso.tools.win32_11.0.1.201907311258/tools/bin/../lib/gcc/arm-none-eabi/8.2.1/thumb/v6-m/nofp\libgcc.a(extendsfdf2.o)
 .ARM.attributes
                0x000008ab       0x2c c:/nxp/mcuxpressoide_11.0.1_2563/ide/plugins/com.nxp.mcuxpresso.tools.win32_11.0.1.201907311258/tools/bin/../lib/gcc/arm-none-eabi/8.2.1/thumb/v6-m/nofp\libgcc.a(truncdfsf2.o)
 .ARM.attributes
                0x000008d7       0x2c c:/nxp/mcuxpressoide_11.0.1_2563/ide/plugins/com.nxp.mcuxpresso.tools.win32_11.0.1.201907311258/tools/bin/../lib/gcc/arm-none-eabi/8.2.1/../../../../arm-none-eabi/lib/thumb/v6-m/nofp\libc_nano.a(lib_a-memcpy-stub.o)
 .ARM.attributes
                0x00000903       0x2c c:/nxp/mcuxpressoide_11.0.1_2563/ide/plugins/com.nxp.mcuxpresso.tools.win32_11.0.1.201907311258/tools/bin/../lib/gcc/arm-none-eabi/8.2.1/../../../../arm-none-eabi/lib/thumb/v6-m/nofp\libc_nano.a(lib_a-memset.o)
 .ARM.attributes