rtx_core_cm.h:116:24:IsIrqMode	8	static
rtx_core_cm.h:122:24:IsIrqMasked	8	static
rtx_lib.h:69:35:osRtxEventFlagsId	8	static
rtx_lib.h:95:30:osRtxObject	8	static
rtx_lib.h:166:30:osRtxThreadGetRunning	0	static
rtx_evflags.c:43:17:EventFlagsSet	24	static
rtx_evflags.c:69:17:EventFlagsClear	24	static
rtx_evflags.c:96:17:EventFlagsCheck	32	static
rtx_evflags.c:141:13:osRtxEventFlagsPostProcess	32	static
rtx_evflags.c:165:25:svcRtxEventFlagsNew	32	static
rtx_evflags.c:239:20:svcRtxEventFlagsGetName	24	static
rtx_evflags.c:256:17:svcRtxEventFlagsSet	40	static
rtx_evflags.c:300:17:svcRtxEventFlagsClear	24	static
rtx_evflags.c:322:17:svcRtxEventFlagsGet	24	static
rtx_evflags.c:339:17:svcRtxEventFlagsWait	40	static
rtx_evflags.c:382:19:svcRtxEventFlagsDelete	24	static
rtx_evflags.c:439:10:isrRtxEventFlagsSet	24	static
rtx_evflags.c:465:10:isrRtxEventFlagsWait	32	static
rtx_evflags.c:493:18:osEventFlagsNew	24	static
rtx_evflags.c:507:13:osEventFlagsGetName	24	static
rtx_evflags.c:520:10:osEventFlagsSet	32	static
rtx_evflags.c:533:10:osEventFlagsClear	32	static
rtx_evflags.c:546:10:osEventFlagsGet	24	static
rtx_evflags.c:558:10:osEventFlagsWait	56	static
rtx_evflags.c:571:12:osEventFlagsDelete	24	static
