rtx_core_cm.h:116:24:IsIrqMode	8	static
rtx_core_cm.h:122:24:IsIrqMasked	8	static
rtx_lib.h:64:29:osRtxTimerId	8	static
rtx_lib.h:89:37:osRtxMessageQueueId	8	static
rtx_timer.c:42:13:TimerInsert	16	static
rtx_timer.c:68:13:TimerRemove	8	static
rtx_timer.c:83:13:TimerUnlink	8	static
rtx_timer.c:95:13:osRtxTimerTick	16	static
rtx_timer.c:122:56:osRtxTimerThread	32	static
rtx_timer.c:146:20:svcRtxTimerNew	40	static
rtx_timer.c:230:20:svcRtxTimerGetName	24	static
rtx_timer.c:247:19:svcRtxTimerStart	24	static
rtx_timer.c:279:19:svcRtxTimerStop	24	static
rtx_timer.c:307:17:svcRtxTimerIsRunning	24	static
rtx_timer.c:331:19:svcRtxTimerDelete	24	static
rtx_timer.c:380:13:osTimerNew	56	static
rtx_timer.c:394:13:osTimerGetName	24	static
rtx_timer.c:407:12:osTimerStart	32	static
rtx_timer.c:421:12:osTimerStop	24	static
rtx_timer.c:435:10:osTimerIsRunning	24	static
rtx_timer.c:448:12:osTimerDelete	24	static
