rtx_core_cm.h:116:24:IsIrqMode	8	static
rtx_core_cm.h:122:24:IsIrqMasked	8	static
rtx_lib.h:84:35:osRtxMemoryPoolId	8	static
rtx_lib.h:95:30:osRtxObject	8	static
rtx_lib.h:166:30:osRtxThreadGetRunning	0	static
rtx_mempool.c:45:10:osRtxMemoryPoolInit	24	static
rtx_mempool.c:81:7:osRtxMemoryPoolAlloc	24	static
rtx_mempool.c:122:12:osRtxMemoryPoolFree	16	static
rtx_mempool.c:160:13:osRtxMemoryPoolPostProcess	24	static
rtx_mempool.c:183:25:svcRtxMemoryPoolNew	56	static
rtx_mempool.c:318:20:svcRtxMemoryPoolGetName	24	static
rtx_mempool.c:335:14:svcRtxMemoryPoolAlloc	24	static
rtx_mempool.c:370:19:svcRtxMemoryPoolFree	32	static
rtx_mempool.c:408:17:svcRtxMemoryPoolGetCapacity	24	static
rtx_mempool.c:425:17:svcRtxMemoryPoolGetBlockSize	24	static
rtx_mempool.c:442:17:svcRtxMemoryPoolGetCount	24	static
rtx_mempool.c:459:17:svcRtxMemoryPoolGetSpace	24	static
rtx_mempool.c:476:19:svcRtxMemoryPoolDelete	24	static
rtx_mempool.c:540:7:isrRtxMemoryPoolAlloc	24	static
rtx_mempool.c:565:12:isrRtxMemoryPoolFree	24	static
rtx_mempool.c:593:18:osMemoryPoolNew	40	static
rtx_mempool.c:607:13:osMemoryPoolGetName	24	static
rtx_mempool.c:620:7:osMemoryPoolAlloc	32	static
rtx_mempool.c:633:12:osMemoryPoolFree	32	static
rtx_mempool.c:646:10:osMemoryPoolGetCapacity	24	static
rtx_mempool.c:658:10:osMemoryPoolGetBlockSize	24	static
rtx_mempool.c:670:10:osMemoryPoolGetCount	24	static
rtx_mempool.c:682:10:osMemoryPoolGetSpace	24	static
rtx_mempool.c:694:12:osMemoryPoolDelete	24	static
