rtx_core_cm.h:71:26:xPSR_InitVal	8	static
rtx_core_cm.h:91:26:StackOffsetR0	8	static
rtx_core_cm.h:116:24:IsIrqMode	8	static
rtx_core_cm.h:122:24:IsIrqMasked	8	static
rtx_lib.h:59:30:osRtxThreadId	8	static
rtx_lib.h:95:30:osRtxObject	8	static
rtx_lib.h:101:30:osRtxThreadObject	8	static
rtx_lib.h:148:33:osRtxThreadState	16	static
rtx_lib.h:155:30:osRtxThreadPriority	8	static
rtx_lib.h:161:25:osRtxKernelGetState	0	static
rtx_lib.h:166:30:osRtxThreadGetRunning	0	static
rtx_lib.h:169:22:osRtxThreadSetRunning	8	static
rtx_thread.c:43:17:ThreadFlagsSet	24	static
rtx_thread.c:69:17:ThreadFlagsClear	24	static
rtx_thread.c:96:17:ThreadFlagsCheck	32	static
rtx_thread.c:142:6:osRtxThreadListPut	32	static
rtx_thread.c:165:14:osRtxThreadListGet	24	static
rtx_thread.c:202:6:osRtxThreadListSort	24	static
rtx_thread.c:221:6:osRtxThreadListRemove	8	static
rtx_thread.c:234:13:osRtxThreadListUnlink	8	static
rtx_thread.c:249:6:osRtxThreadReadyPut	16	static
rtx_thread.c:258:13:osRtxThreadDelayInsert	16	static
rtx_thread.c:301:13:osRtxThreadDelayRemove	8	static
rtx_thread.c:328:6:osRtxThreadDelayTick	16	static
rtx_thread.c:385:11:osRtxThreadRegPtr	24	static
rtx_thread.c:393:13:osRtxThreadBlock	32	static
rtx_thread.c:420:6:osRtxThreadSwitch	16	static
rtx_thread.c:430:6:osRtxThreadDispatch	32	static
rtx_thread.c:465:6:osRtxThreadWaitExit	32	static
rtx_thread.c:485:8:osRtxThreadWaitEnter	24	static
rtx_thread.c:516:29:osRtxThreadStackCheck	16	static
rtx_thread.c:553:13:osRtxThreadPostProcess	24	static
rtx_thread.c:571:21:svcRtxThreadNew	64	static
rtx_thread.c:817:20:svcRtxThreadGetName	24	static
rtx_thread.c:834:21:svcRtxThreadGetId	16	static
rtx_thread.c:844:24:svcRtxThreadGetState	24	static
rtx_thread.c:864:17:svcRtxThreadGetStackSize	24	static
rtx_thread.c:881:17:svcRtxThreadGetStackSpace	32	static
rtx_thread.c:919:19:svcRtxThreadSetPriority	24	static
rtx_thread.c:950:21:svcRtxThreadGetPriority	24	static
rtx_thread.c:977:19:svcRtxThreadYield	16	static
rtx_thread.c:998:19:svcRtxThreadSuspend	24	static
rtx_thread.c:1056:19:svcRtxThreadResume	24	static
rtx_thread.c:1085:13:osRtxThreadFree	16	static
rtx_thread.c:1122:19:svcRtxThreadDetach	24	static
rtx_thread.c:1153:19:svcRtxThreadJoin	24	static
rtx_thread.c:1200:13:svcRtxThreadExit	16	static
rtx_thread.c:1245:19:svcRtxThreadTerminate	24	static
rtx_thread.c:1324:17:svcRtxThreadGetCount	8	static
rtx_thread.c:1356:17:svcRtxThreadEnumerate	24	static
rtx_thread.c:1403:17:svcRtxThreadFlagsSet	32	static
rtx_thread.c:1447:17:svcRtxThreadFlagsClear	24	static
rtx_thread.c:1476:17:svcRtxThreadFlagsGet	16	static
rtx_thread.c:1494:17:svcRtxThreadFlagsWait	32	static
rtx_thread.c:1568:10:isrRtxThreadFlagsSet	24	static
rtx_thread.c:1603:8:osRtxThreadStartup	16	static
rtx_thread.c:1628:14:osThreadNew	40	static
rtx_thread.c:1642:13:osThreadGetName	24	static
rtx_thread.c:1655:14:osThreadGetId	16	static
rtx_thread.c:1667:17:osThreadGetState	24	static
rtx_thread.c:1680:10:osThreadGetStackSize	24	static
rtx_thread.c:1693:10:osThreadGetStackSpace	24	static
rtx_thread.c:1706:12:osThreadSetPriority	32	static
rtx_thread.c:1720:14:osThreadGetPriority	24	static
rtx_thread.c:1733:12:osThreadYield	16	static
rtx_thread.c:1747:12:osThreadSuspend	24	static
rtx_thread.c:1761:12:osThreadResume	24	static
rtx_thread.c:1775:12:osThreadDetach	24	static
rtx_thread.c:1789:12:osThreadJoin	24	static
rtx_thread.c:1803:18:osThreadExit	8	static
rtx_thread.c:1811:12:osThreadTerminate	24	static
rtx_thread.c:1825:10:osThreadGetCount	16	static
rtx_thread.c:1838:10:osThreadEnumerate	32	static
rtx_thread.c:1851:10:osThreadFlagsSet	32	static
rtx_thread.c:1864:10:osThreadFlagsClear	24	static
rtx_thread.c:1878:10:osThreadFlagsGet	16	static
rtx_thread.c:1891:10:osThreadFlagsWait	40	static
