rtx_core_cm.h:116:24:IsIrqMode	8	static
rtx_core_cm.h:122:24:IsIrqMasked	8	static
rtx_lib.h:74:29:osRtxMutexId	8	static
rtx_lib.h:95:30:osRtxObject	8	static
rtx_lib.h:166:30:osRtxThreadGetRunning	0	static
rtx_mutex.c:42:6:osRtxMutexOwnerRelease	32	static
rtx_mutex.c:81:20:svcRtxMutexNew	32	static
rtx_mutex.c:159:20:svcRtxMutexGetName	24	static
rtx_mutex.c:176:19:svcRtxMutexAcquire	32	static
rtx_mutex.c:252:19:svcRtxMutexRelease	32	static
rtx_mutex.c:344:21:svcRtxMutexGetOwner	24	static
rtx_mutex.c:368:19:svcRtxMutexDelete	32	static
rtx_mutex.c:457:13:osMutexNew	24	static
rtx_mutex.c:471:13:osMutexGetName	24	static
rtx_mutex.c:484:12:osMutexAcquire	32	static
rtx_mutex.c:498:12:osMutexRelease	24	static
rtx_mutex.c:512:14:osMutexGetOwner	24	static
rtx_mutex.c:525:12:osMutexDelete	24	static
