rtx_core_cm.h:116:24:IsIrqMode	8	static
rtx_core_cm.h:122:24:IsIrqMasked	8	static
rtx_lib.h:79:33:osRtxSemaphoreId	8	static
rtx_lib.h:95:30:osRtxObject	8	static
rtx_lib.h:166:30:osRtxThreadGetRunning	0	static
rtx_semaphore.c:42:17:SemaphoreTokenDecrement	24	static
rtx_semaphore.c:75:17:SemaphoreTokenIncrement	24	static
rtx_semaphore.c:110:13:osRtxSemaphorePostProcess	24	static
rtx_semaphore.c:130:24:svcRtxSemaphoreNew	40	static
rtx_semaphore.c:212:20:svcRtxSemaphoreGetName	24	static
rtx_semaphore.c:229:19:svcRtxSemaphoreAcquire	24	static
rtx_semaphore.c:266:19:svcRtxSemaphoreRelease	32	static
rtx_semaphore.c:302:17:svcRtxSemaphoreGetCount	24	static
rtx_semaphore.c:319:19:svcRtxSemaphoreDelete	24	static
rtx_semaphore.c:375:12:isrRtxSemaphoreAcquire	24	static
rtx_semaphore.c:402:12:isrRtxSemaphoreRelease	24	static
rtx_semaphore.c:431:17:osSemaphoreNew	40	static
rtx_semaphore.c:445:13:osSemaphoreGetName	24	static
rtx_semaphore.c:458:12:osSemaphoreAcquire	32	static
rtx_semaphore.c:471:12:osSemaphoreRelease	24	static
rtx_semaphore.c:484:10:osSemaphoreGetCount	24	static
rtx_semaphore.c:496:12:osSemaphoreDelete	24	static
