rtx_core_cm.h:110:24:IsPrivileged	8	static
rtx_core_cm.h:116:24:IsIrqMode	8	static
rtx_core_cm.h:122:24:IsIrqMasked	8	static
rtx_core_cm.h:136:22:SVC_Setup	8	static
rtx_core_cm.h:176:25:GetPendSV	0	static
rtx_core_cm.h:181:22:ClrPendSV	0	static
rtx_core_cm.h:186:22:SetPendSV	0	static
rtx_lib.h:142:33:osRtxKernelState	0	static
rtx_kernel.c:38:13:KernelBlock	8	static
rtx_kernel.c:52:13:KernelUnblock	8	static
rtx_kernel.c:70:19:svcRtxKernelInitialize	8	static
rtx_kernel.c:187:19:svcRtxKernelGetInfo	32	static
rtx_kernel.c:211:24:svcRtxKernelGetState	16	static
rtx_kernel.c:219:19:svcRtxKernelStart	24	static
rtx_kernel.c:270:16:svcRtxKernelLock	8	static
rtx_kernel.c:293:16:svcRtxKernelUnlock	8	static
rtx_kernel.c:316:16:svcRtxKernelRestoreLock	16	static
rtx_kernel.c:349:17:svcRtxKernelSuspend	24	static
rtx_kernel.c:387:13:svcRtxKernelResume	32	static
rtx_kernel.c:446:17:svcRtxKernelGetTickCount	0	static
rtx_kernel.c:453:17:svcRtxKernelGetTickFreq	0	static
rtx_kernel.c:460:17:svcRtxKernelGetSysTimerCount	16	static
rtx_kernel.c:477:17:svcRtxKernelGetSysTimerFreq	16	static
rtx_kernel.c:507:29:osRtxKernelPreInit	0	static
rtx_kernel.c:514:12:osKernelInitialize	16	static
rtx_kernel.c:529:12:osKernelGetInfo	40	static
rtx_kernel.c:542:17:osKernelGetState	16	static
rtx_kernel.c:554:12:osKernelStart	16	static
rtx_kernel.c:568:9:osKernelLock	16	static
rtx_kernel.c:582:9:osKernelUnlock	16	static
rtx_kernel.c:596:9:osKernelRestoreLock	24	static
rtx_kernel.c:610:10:osKernelSuspend	16	static
rtx_kernel.c:624:6:osKernelResume	24	static
rtx_kernel.c:635:10:osKernelGetTickCount	16	static
rtx_kernel.c:647:10:osKernelGetTickFreq	16	static
rtx_kernel.c:659:10:osKernelGetSysTimerCount	16	static
rtx_kernel.c:671:10:osKernelGetSysTimerFreq	16	static
