rtx_core_cm.h:116:24:IsIrqMode	8	static
rtx_core_cm.h:122:24:IsIrqMasked	8	static
rtx_lib.h:89:37:osRtxMessageQueueId	8	static
rtx_lib.h:95:30:osRtxObject	8	static
rtx_lib.h:166:30:osRtxThreadGetRunning	0	static
rtx_msgqueue.c:42:13:MessageQueuePut	24	static
rtx_msgqueue.c:90:22:MessageQueueGet	32	static
rtx_msgqueue.c:144:13:MessageQueueRemove	8	static
rtx_msgqueue.c:163:13:osRtxMessageQueuePostProcess	40	static
rtx_msgqueue.c:238:27:svcRtxMessageQueueNew	56	static
rtx_msgqueue.c:375:20:svcRtxMessageQueueGetName	24	static
rtx_msgqueue.c:392:19:svcRtxMessageQueuePut	48	static
rtx_msgqueue.c:468:19:svcRtxMessageQueueGet	48	static
rtx_msgqueue.c:548:17:svcRtxMessageQueueGetCapacity	24	static
rtx_msgqueue.c:565:17:svcRtxMessageQueueGetMsgSize	24	static
rtx_msgqueue.c:582:17:svcRtxMessageQueueGetCount	24	static
rtx_msgqueue.c:599:17:svcRtxMessageQueueGetSpace	24	static
rtx_msgqueue.c:616:19:svcRtxMessageQueueReset	40	static
rtx_msgqueue.c:677:19:svcRtxMessageQueueDelete	24	static
rtx_msgqueue.c:742:12:isrRtxMessageQueuePut	40	static
rtx_msgqueue.c:783:12:isrRtxMessageQueueGet	40	static
rtx_msgqueue.c:822:20:osMessageQueueNew	40	static
rtx_msgqueue.c:836:13:osMessageQueueGetName	24	static
rtx_msgqueue.c:849:12:osMessageQueuePut	56	static
rtx_msgqueue.c:862:12:osMessageQueueGet	56	static
rtx_msgqueue.c:875:10:osMessageQueueGetCapacity	24	static
rtx_msgqueue.c:887:10:osMessageQueueGetMsgSize	24	static
rtx_msgqueue.c:899:10:osMessageQueueGetCount	24	static
rtx_msgqueue.c:911:10:osMessageQueueGetSpace	24	static
rtx_msgqueue.c:923:12:osMessageQueueReset	24	static
rtx_msgqueue.c:937:12:osMessageQueueDelete	24	static
