ST7789.c:67:6:LCD_GPIO_Init	8	static
ST7789.c:108:13:LCD_Init_Backlight	8	static
ST7789.c:116:6:LCD_Set_Backlight_Brightness	16	static
ST7789.c:123:13:LCD_24S_Write_Command	8	static
ST7789.c:132:13:LCD_24S_Write_Data	8	static
ST7789.c:140:6:LCD_Controller_Init	24	static
ST7789.c:171:6:LCD_Init	8	static
ST7789.c:186:6:LCD_Plot_Pixel	24	static
ST7789.c:214:6:LCD_Fill_Buffer	32	static
ST7789.c:244:6:LCD_Fill_Rectangle	40	static
ST7789.c:290:10:LCD_Start_Rectangle	32	static
ST7789.c:327:6:LCD_Write_Rectangle_Pixel	24	static
ST7789.c:339:6:LCD_Refresh	0	static
ST7789.c:344:6:LCD_Set_BL	16	static
ST7789.c:350:6:LCD_Set_Controller_Brightness	16	static
