sound.c:21:6:DAC_Init	0	static
sound.c:41:6:Play_Sound_Sample	8	static
sound.c:46:6:SineTable_Init	16	static
sound.c:55:6:Init_Waveform	8	static
sound.c:64:6:Init_Voices	8	static
sound.c:79:6:Sound_Init	8	static
sound.c:101:6:Sound_Enable_Amp	0	static
sound.c:105:6:Sound_Disable_Amp	0	static
sound.c:110:6:Play_Tone	120	static
sound.c:139:9:Sound_Generate_Next_Sample	16	static
sound.c:179:6:Play_Waveform_with_DMA	8	static
sound.c:184:7:Thread_Sound_Manager	24	static
sound.c:219:7:Thread_Refill_Sound_Buffer	32	static
