core_cm0plus.h:745:22:NVIC_EnableIRQ	8	static
core_cm0plus.h:791:22:NVIC_ClearPendingIRQ	8	static
core_cm0plus.h:804:22:NVIC_SetPriority	16	static
timers.c:15:6:PIT_IRQHandler	16	static
timers.c:51:6:PIT_Init	16	static
timers.c:75:6:PIT_Start	0	static
timers.c:80:6:PIT_Stop	0	static
timers.c:85:6:PWM_Init	24	static
timers.c:120:6:PWM_Set_Value	8	static
timers.c:125:6:TPM0_Init	0	static
timers.c:133:6:Configure_TPM0_for_DMA	8	static
timers.c:157:6:TPM0_Start	0	static
timers.c:164:6:TPM0_IRQHandler	0	static
